[prefill_tf] rank 0 step 0: target 3283 argmax 1484 lmax 3.82702231 lse 11.0382684489 target_logit -0.268816471
[head_hidden] rank 0 step 0: 19e6ffe08e963aa9 length 1
[prefill_tf] rank 0 step 1: target 902 argmax 220 lmax 11.7017784 lse 14.2700557842 target_logit 9.43594933
[head_hidden] rank 0 step 1: 565509bc1bb14c44 length 4
[prefill_tf] rank 0 step 2: target 15070 argmax 264 lmax 14.5929289 lse 16.6154151095 target_logit 9.83333206
[head_hidden] rank 0 step 2: 3881965770ffa006 length 8
[prefill_tf] rank 0 step 3: target 892 argmax 892 lmax 22.5109406 lse 22.5124058398 target_logit 22.5109406
[head_hidden] rank 0 step 3: 7fae35334b8f378d length 17
[prefill_tf] rank 0 step 4: target 922 argmax 1431 lmax 17.6396542 lse 18.5995649169 target_logit 14.0054226
[head_hidden] rank 0 step 4: 0811d07a22a1af5a length 64
[prefill_tf] rank 0 step 5: target 3838 argmax 3838 lmax 25.5440903 lse 25.5443612256 target_logit 25.5440903
[head_hidden] rank 0 step 5: 3ee30bc7322f8414 length 129
[prefill_tf] rank 0 step 6: target 26311 argmax 3082 lmax 13.7298851 lse 16.4206217827 target_logit 7.26590014
[head_hidden] rank 0 step 6: 0b88a0d8b4c8afc8 length 257
[prefill_tf] rank 0 step 7: target 358 argmax 358 lmax 28.9438267 lse 28.947285623 target_logit 28.9438267
[head_hidden] rank 0 step 7: e33557137eb78c2c length 1024
[prefill_tf] rank 0 step 8: target 31052 argmax 1484 lmax 3.54387736 lse 11.044778782 target_logit 0.519961238
[head_hidden] rank 0 step 8: 7be56ad4ca5dd177 length 1
[prefill_tf] rank 0 step 9: target 198 argmax 21872 lmax 17.3074379 lse 17.5410862231 target_logit 11.3621769
[head_hidden] rank 0 step 9: 1d220120407756b0 length 4
[prefill_tf] rank 0 step 10: target 5112 argmax 10209 lmax 17.0628719 lse 18.3196515982 target_logit 15.4579887
[head_hidden] rank 0 step 10: dee4a7bdd322b041 length 8
[prefill_tf] rank 0 step 11: target 8907 argmax 8457 lmax 17.8729553 lse 19.2337385896 target_logit 10.6164942
[head_hidden] rank 0 step 11: 4b2c6c7c24da6ac3 length 17
[prefill_tf] rank 0 step 12: target 5702 argmax 5702 lmax 26.6609154 lse 26.6609564382 target_logit 26.6609154
[head_hidden] rank 0 step 12: 1307b6ca4aafd7b2 length 64
[prefill_tf] rank 0 step 13: target 16804 argmax 22543 lmax 13.5761938 lse 16.1764619079 target_logit 5.70150471
[head_hidden] rank 0 step 13: 0345bc15589d06b3 length 129
[prefill_tf] rank 0 step 14: target 1045 argmax 1045 lmax 30.3955326 lse 30.3955375733 target_logit 30.3955326
[head_hidden] rank 0 step 14: 8ef637c8d6a690dd length 257
[prefill_tf] rank 0 step 15: target 9315 argmax 1565 lmax 15.1894207 lse 16.9642508832 target_logit 10.1416063
[head_hidden] rank 0 step 15: 083f5a8a64d5a0f1 length 1024
[prefill_tf] rank 0 step 16: target 198 argmax 1484 lmax 3.79895353 lse 11.0371573771 target_logit 1.44065332
[head_hidden] rank 0 step 16: b7b5d3698e900e78 length 1
[prefill_tf] rank 0 step 17: target 44706 argmax 29462 lmax 16.7547836 lse 17.6792509885 target_logit nan
[head_hidden] rank 0 step 17: 3d6e41e5ff8131d1 length 4
[prefill_tf] rank 0 step 18: target 2669 argmax 4091 lmax 18.8680992 lse 19.4273339664 target_logit 13.6196003
[head_hidden] rank 0 step 18: 423e0afac3be64cc length 8
[prefill_tf] rank 0 step 19: target 63 argmax 63 lmax 16.7549477 lse 17.4467065384 target_logit 16.7549477
[head_hidden] rank 0 step 19: b7a60db8cf7dbb5f length 17
[prefill_tf] rank 0 step 20: target 879 argmax 879 lmax 26.3043156 lse 26.3043777085 target_logit 26.3043156
[head_hidden] rank 0 step 20: 661cd80c0f9f413e length 64
[prefill_tf] rank 0 step 21: target 11 argmax 11 lmax 26.3704205 lse 26.3705232077 target_logit 26.3704205
[head_hidden] rank 0 step 21: 8e805d68c3c95728 length 129
[prefill_tf] rank 0 step 22: target 279 argmax 279 lmax 27.6164551 lse 27.6164629305 target_logit 27.6164551
[head_hidden] rank 0 step 22: 8d8435fe118dd77e length 257
[prefill_tf] rank 0 step 23: target 6032 argmax 6032 lmax 27.3326263 lse 27.3732924809 target_logit 27.3326263
[head_hidden] rank 0 step 23: 5209709348ff08ff length 1024
[prefill_tf] rank 0 step 24: target 21 argmax 1484 lmax 3.61152697 lse 11.0222616553 target_logit 0.148228407
[head_hidden] rank 0 step 24: ce61ede7455df716 length 1
[prefill_tf] rank 0 step 25: target 11 argmax 11 lmax 17.6838512 lse 18.1428283335 target_logit 17.6838512
[head_hidden] rank 0 step 25: 7f1369c203595fbc length 4
[prefill_tf] rank 0 step 26: target 315 argmax 315 lmax 17.1303616 lse 17.8589258842 target_logit 17.1303616
[head_hidden] rank 0 step 26: 69026e7e04b106bf length 8
[prefill_tf] rank 0 step 27: target 320 argmax 510 lmax 19.5592747 lse 20.3796602935 target_logit 17.3659763
[head_hidden] rank 0 step 27: 7dcb24b56b5c2c15 length 17
[prefill_tf] rank 0 step 28: target 21698 argmax 3019 lmax 16.2426147 lse 18.1362517216 target_logit 15.3357315
[head_hidden] rank 0 step 28: 44fa368c788f7f30 length 64
[prefill_tf] rank 0 step 29: target 3697 argmax 3697 lmax 31.4856873 lse 31.4856933709 target_logit 31.4856873
[head_hidden] rank 0 step 29: 6c880cd44b0df74f length 129
[prefill_tf] rank 0 step 30: target 879 argmax 879 lmax 26.8841991 lse 26.8848831629 target_logit 26.8841991
[head_hidden] rank 0 step 30: 677e907a4660481d length 257
[prefill_tf] rank 0 step 31: target 2581 argmax 15622 lmax 15.2931347 lse 17.5495088643 target_logit 11.2596207
[head_hidden] rank 0 step 31: 75bb9a5a00f49514 length 1024
[prefill_tf] rank 0 step 32: target 323 argmax 1484 lmax 3.93121862 lse 11.0032180947 target_logit 0.731909037
[head_hidden] rank 0 step 32: 85588b51f5edef10 length 1
[prefill_tf] rank 0 step 33: target 21053 argmax 768 lmax 16.9513359 lse 18.0336920829 target_logit 13.2373028
[head_hidden] rank 0 step 33: f22ceeb12f475711 length 4
[prefill_tf] rank 0 step 34: target 17 argmax 1213 lmax 14.8430109 lse 16.9497056851 target_logit 12.4571323
[head_hidden] rank 0 step 34: 6cc7ba61faf9534e length 8
[prefill_tf] rank 0 step 35: target 566 argmax 566 lmax 22.3511219 lse 22.352423555 target_logit 22.3511219
[head_hidden] rank 0 step 35: 4201dac9177a9eac length 17
[prefill_tf] rank 0 step 36: target 315 argmax 315 lmax 24.4371052 lse 24.4374220094 target_logit 24.4371052
[head_hidden] rank 0 step 36: 92a1136aa350437c length 64
[prefill_tf] rank 0 step 37: target 60378 argmax 12004 lmax 17.768116 lse 19.2504374954 target_logit nan
[head_hidden] rank 0 step 37: 1b21e947c3da11aa length 129
[prefill_tf] rank 0 step 38: target 419 argmax 419 lmax 15.2048998 lse 17.108627823 target_logit 15.2048998
[head_hidden] rank 0 step 38: 28068c4fc3c29a01 length 257
[prefill_tf] rank 0 step 39: target 49772 argmax 20651 lmax 16.8166409 lse 17.738233233 target_logit nan
[head_hidden] rank 0 step 39: 868776ad1d490e24 length 1024
[prefill_tf] rank 0 step 40: target 323 argmax 1484 lmax 3.93121862 lse 11.0032180947 target_logit 0.731909037
[head_hidden] rank 0 step 40: 85588b51f5edef10 length 1
[prefill_tf] rank 0 step 41: target 892 argmax 279 lmax 16.5142174 lse 17.3801454126 target_logit 15.1509895
[head_hidden] rank 0 step 41: dddf6d36959f167c length 4
[prefill_tf] rank 0 step 42: target 437 argmax 9984 lmax 14.7143316 lse 16.5995315736 target_logit 12.985918
[head_hidden] rank 0 step 42: ca3c991818f48443 length 8
[prefill_tf] rank 0 step 43: target 2879 argmax 2879 lmax 19.7617607 lse 20.1463237993 target_logit 19.7617607
[head_hidden] rank 0 step 43: 3fca6e7903c74b74 length 17
[prefill_tf] rank 0 step 44: target 488 argmax 8 lmax 18.8171787 lse 19.2914278196 target_logit 15.8885479
[head_hidden] rank 0 step 44: 3647bae66a3ec318 length 64
[prefill_tf] rank 0 step 45: target 311 argmax 311 lmax 27.6372662 lse 27.6372809931 target_logit 27.6372662
[head_hidden] rank 0 step 45: 48f49308db10a261 length 129
[prefill_tf] rank 0 step 46: target 1506 argmax 2022 lmax 17.8380394 lse 18.103870971 target_logit 15.6183033
[head_hidden] rank 0 step 46: d72b6a1c72768893 length 257
[prefill_tf] rank 0 step 47: target 48615 argmax 2393 lmax 21.5747948 lse 22.2425309326 target_logit nan
[head_hidden] rank 0 step 47: 6c5705b0a6226236 length 1024
[prefill_tf] rank 0 step 48: target 678 argmax 1484 lmax 3.76061749 lse 11.0537117004 target_logit 0.094162941
[head_hidden] rank 0 step 48: df5042b39f3c195a length 1
[prefill_tf] rank 0 step 49: target 99317 argmax 16 lmax 16.2122993 lse 17.7992986786 target_logit nan
[head_hidden] rank 0 step 49: 0eebce6db518268e length 4
[prefill_tf] rank 0 step 50: target 10782 argmax 72 lmax 13.2558088 lse 16.2402897407 target_logit 5.00446415
[head_hidden] rank 0 step 50: f6403d8705334052 length 8
[prefill_tf] rank 0 step 51: target 304 argmax 279 lmax 17.7604351 lse 18.4840197954 target_logit 13.3957071
[head_hidden] rank 0 step 51: c8b3a7f9002ae42e length 17
[prefill_tf] rank 0 step 52: target 75344 argmax 31819 lmax 15.6539736 lse 16.485507946 target_logit nan
[head_hidden] rank 0 step 52: dad3dfe160fb3385 length 64
[prefill_tf] rank 0 step 53: target 8231 argmax 8231 lmax 33.2655907 lse 33.2656032767 target_logit 33.2655907
[head_hidden] rank 0 step 53: ffddb13e296d9abb length 129
[prefill_tf] rank 0 step 54: target 817 argmax 220 lmax 13.7706242 lse 15.5223193316 target_logit 12.1811056
[head_hidden] rank 0 step 54: 7c7b0d7b061b923c length 257
[prefill_tf] rank 0 step 55: target 17 argmax 17 lmax 23.3744526 lse 23.8519298269 target_logit 23.3744526
[head_hidden] rank 0 step 55: 7bd6a2b7542ca9b3 length 1024
[prefill_tf] rank 0 step 56: target 3039 argmax 1484 lmax 3.80186796 lse 11.047418143 target_logit -0.575659752
[head_hidden] rank 0 step 56: 420bd4e90e84c20c length 1
[prefill_tf] rank 0 step 57: target 26 argmax 304 lmax 13.4286022 lse 16.068134911 target_logit 11.5948086
[head_hidden] rank 0 step 57: 60df6edffa4631db length 4
[prefill_tf] rank 0 step 58: target 1787 argmax 389 lmax 17.2130642 lse 18.1898602722 target_logit 15.9897623
[head_hidden] rank 0 step 58: e726b390823ab9e7 length 8
[prefill_tf] rank 0 step 59: target 16 argmax 15 lmax 18.4684601 lse 19.1612459035 target_logit 17.1264133
[head_hidden] rank 0 step 59: 663bba9f68549c02 length 17
[prefill_tf] rank 0 step 60: target 13 argmax 13 lmax 20.6778698 lse 20.9385269752 target_logit 20.6778698
[head_hidden] rank 0 step 60: f8ea295e8a808481 length 64
[prefill_tf] rank 0 step 61: target 825 argmax 20608 lmax 13.1972723 lse 16.2800279247 target_logit 7.46651173
[head_hidden] rank 0 step 61: 5534d774e3f2c174 length 129
[prefill_tf] rank 0 step 62: target 7781 argmax 7781 lmax 39.2613564 lse 39.2613572838 target_logit 39.2613564
[head_hidden] rank 0 step 62: f8439d9f48d50e44 length 257
[prefill_tf] rank 0 step 63: target 67515 argmax 6538 lmax 20.9266071 lse 20.9517455815 target_logit nan
[head_hidden] rank 0 step 63: c5f14bc9eea6c096 length 1024
[prefill_tf] rank 0 step 64: target 25340 argmax 1484 lmax 3.97260165 lse 11.0531823853 target_logit 0.327003509
[head_hidden] rank 0 step 64: 38c8b4ceca01b0c8 length 1
[prefill_tf] rank 0 step 65: target 267 argmax 27345 lmax 13.6515217 lse 15.680105433 target_logit 8.93149948
[head_hidden] rank 0 step 65: a25a1846623fce2f length 4
[prefill_tf] rank 0 step 66: target 13 argmax 553 lmax 18.6644192 lse 19.4143752134 target_logit 16.3344612
[head_hidden] rank 0 step 66: 09e1aafca63d70b6 length 8
[prefill_tf] rank 0 step 67: target 12 argmax 1242 lmax 14.9885893 lse 16.5317446598 target_logit 12.2121859
[head_hidden] rank 0 step 67: e44f3f00bc93f229 length 17
[prefill_tf] rank 0 step 68: target 11 argmax 304 lmax 15.5326977 lse 17.2763556073 target_logit 12.9180527
[head_hidden] rank 0 step 68: bbe76527216da6a8 length 64
[prefill_tf] rank 0 step 69: target 628 argmax 628 lmax 36.4243889 lse 36.4243896696 target_logit 36.4243889
[head_hidden] rank 0 step 69: 8ce9caa4ec15b172 length 129
[prefill_tf] rank 0 step 70: target 432 argmax 432 lmax 26.7962132 lse 26.79622882 target_logit 26.7962132
[head_hidden] rank 0 step 70: fb304d7e83b29f3d length 257
[prefill_tf] rank 0 step 71: target 198 argmax 198 lmax 22.9788513 lse 23.0027475181 target_logit 22.9788513
[head_hidden] rank 0 step 71: eee09b965bd4c841 length 1024
[prefill_tf] rank 0 step 72: target 10835 argmax 1484 lmax 3.87325621 lse 11.04486895 target_logit 0.413033664
[head_hidden] rank 0 step 72: d4cc365ef523b822 length 1
[prefill_tf] rank 0 step 73: target 566 argmax 1293 lmax 16.4930649 lse 18.0200767168 target_logit 15.7571993
[head_hidden] rank 0 step 73: 54abb0b4b8472ae9 length 4
[prefill_tf] rank 0 step 74: target 12220 argmax 902 lmax 17.5701122 lse 18.6759640171 target_logit 14.2927322
[head_hidden] rank 0 step 74: ba8223c31209f6ca length 8
[prefill_tf] rank 0 step 75: target 50117 argmax 7988 lmax 20.9539356 lse 21.0384584803 target_logit nan
[head_hidden] rank 0 step 75: eb4b68d853aa8e8b length 17
[prefill_tf] rank 0 step 76: target 10516 argmax 10516 lmax 29.6042786 lse 29.6043040344 target_logit 29.6042786
[head_hidden] rank 0 step 76: aa63676804234580 length 64
[prefill_tf] rank 0 step 77: target 7040 argmax 1852 lmax 14.0263071 lse 16.0007246281 target_logit 7.54865313
[head_hidden] rank 0 step 77: c927c91744b255ac length 129
[prefill_tf] rank 0 step 78: target 304 argmax 429 lmax 19.8390636 lse 20.7528133298 target_logit 18.0306511
[head_hidden] rank 0 step 78: 0287eb8a89a353fb length 257
[prefill_tf] rank 0 step 79: target 47583 argmax 271 lmax 15.4093628 lse 16.464198902 target_logit nan
[head_hidden] rank 0 step 79: 18280ac31618cea4 length 1024
[prefill_tf] rank 0 step 80: target 11641 argmax 1484 lmax 3.75935817 lse 11.0471852449 target_logit -0.234011427
[head_hidden] rank 0 step 80: f2cd33ba923726e2 length 1
[prefill_tf] rank 0 step 81: target 782 argmax 782 lmax 20.6014156 lse 20.6223949951 target_logit 20.6014156
[head_hidden] rank 0 step 81: 68552d3f192929d8 length 4
[prefill_tf] rank 0 step 82: target 23866 argmax 14 lmax 15.9631357 lse 16.6416792493 target_logit 3.58872271
[head_hidden] rank 0 step 82: 5999c426f912384c length 8
[prefill_tf] rank 0 step 83: target 3730 argmax 3730 lmax 20.9422283 lse 20.954000123 target_logit 20.9422283
[head_hidden] rank 0 step 83: ef6c37bb0acd1ebf length 17
[prefill_tf] rank 0 step 84: target 198 argmax 320 lmax 19.7318974 lse 19.9234081067 target_logit 18.1018391
[head_hidden] rank 0 step 84: 7c3f0f5b6365297f length 64
[prefill_tf] rank 0 step 85: target 13955 argmax 13955 lmax 15.7554903 lse 18.3164502409 target_logit 15.7554903
[head_hidden] rank 0 step 85: 9fc4eb04437321a2 length 129
[prefill_tf] rank 0 step 86: target 7347 argmax 7347 lmax 21.8128281 lse 21.8484174395 target_logit 21.8128281
[head_hidden] rank 0 step 86: d2b22f92742a2b27 length 257
[prefill_tf] rank 0 step 87: target 5454 argmax 5454 lmax 23.7355099 lse 23.7358047151 target_logit 23.7355099
[head_hidden] rank 0 step 87: 314bfb2da922d9ca length 1024
[prefill_tf] rank 0 step 88: target 1990 argmax 1484 lmax 3.94516993 lse 11.0343669141 target_logit 0.520503223
[head_hidden] rank 0 step 88: 31b0ba8db523b06e length 1
[prefill_tf] rank 0 step 89: target 438 argmax 1128 lmax 14.205267 lse 17.1856846429 target_logit 14.029088
[head_hidden] rank 0 step 89: 880fbaeecafb44bb length 4
[prefill_tf] rank 0 step 90: target 2251 argmax 2251 lmax 16.8348331 lse 16.8644078764 target_logit 16.8348331
[head_hidden] rank 0 step 90: 6495f1516dd40346 length 8
[prefill_tf] rank 0 step 91: target 311 argmax 438 lmax 17.6709213 lse 19.1452539363 target_logit 16.9554024
[head_hidden] rank 0 step 91: 13c419a8d301e45c length 17
[prefill_tf] rank 0 step 92: target 8224 argmax 8224 lmax 19.9546299 lse 20.1753419769 target_logit 19.9546299
[head_hidden] rank 0 step 92: cd985544efe552c8 length 64
[prefill_tf] rank 0 step 93: target 3198 argmax 3198 lmax 28.5238304 lse 28.5238480261 target_logit 28.5238304
[head_hidden] rank 0 step 93: 9fd636f77cb46dd8 length 129
[prefill_tf] rank 0 step 94: target 2308 argmax 576 lmax 15.9477129 lse 17.7540787328 target_logit 14.3405647
[head_hidden] rank 0 step 94: adc2062f11b08537 length 257
[prefill_tf] rank 0 step 95: target 10333 argmax 23995 lmax 16.8634396 lse 17.8011366345 target_logit 13.6838388
[head_hidden] rank 0 step 95: 083e49e3df6cfa28 length 1024
[prefill_tf] rank 0 step 96: target 40 argmax 1484 lmax 3.65238953 lse 10.9962085528 target_logit -1.15543056
[head_hidden] rank 0 step 96: d28f37392019bcd7 length 1
[prefill_tf] rank 0 step 97: target 1084 argmax 1260 lmax 15.18256 lse 16.9131665066 target_logit 12.7464619
[head_hidden] rank 0 step 97: 93f1982ce78d9dab length 4
[prefill_tf] rank 0 step 98: target 350 argmax 323 lmax 14.8371515 lse 16.3587568196 target_logit 10.2099533
[head_hidden] rank 0 step 98: 039fc75cf38850f8 length 8
[prefill_tf] rank 0 step 99: target 19759 argmax 11 lmax 12.5839396 lse 15.2430501352 target_logit 2.14151883
[head_hidden] rank 0 step 99: a77b6678f5642593 length 17
[prefill_tf] rank 0 step 100: target 686 argmax 686 lmax 25.8195705 lse 25.8206599166 target_logit 25.8195705
[head_hidden] rank 0 step 100: 52f3de3b946e4914 length 64
[prefill_tf] rank 0 step 101: target 3070 argmax 3070 lmax 18.6898575 lse 18.7499550035 target_logit 18.6898575
[head_hidden] rank 0 step 101: 1389fe9734c2ee6f length 129
[prefill_tf] rank 0 step 102: target 6993 argmax 6993 lmax 28.6449242 lse 28.6450184193 target_logit 28.6449242
[head_hidden] rank 0 step 102: a5d42662b4391463 length 257
[prefill_tf] rank 0 step 103: target 32559 argmax 32559 lmax 33.8425331 lse 33.8425357558 target_logit 33.8425331
[head_hidden] rank 0 step 103: b764b6c26adbd160 length 1024
[prefill_tf] rank 0 step 104: target 264 argmax 1484 lmax 3.847049 lse 11.0557510838 target_logit 0.78392458
[head_hidden] rank 0 step 104: a7809d9f8d3a228a length 1
[prefill_tf] rank 0 step 105: target 480 argmax 572 lmax 15.379878 lse 17.2429639347 target_logit 12.8645811
[head_hidden] rank 0 step 105: 7da778c46a6029cf length 4
[prefill_tf] rank 0 step 106: target 1142 argmax 315 lmax 16.553051 lse 17.9247165867 target_logit 14.4272804
[head_hidden] rank 0 step 106: e4b308549a64bbcc length 8
[prefill_tf] rank 0 step 107: target 12 argmax 18883 lmax 18.7359066 lse 19.2195278174 target_logit 15.9210529
[head_hidden] rank 0 step 107: 08765c80e2fafd87 length 17
[prefill_tf] rank 0 step 108: target 374 argmax 374 lmax 18.734251 lse 19.873199867 target_logit 18.734251
[head_hidden] rank 0 step 108: e6a88dda8e995f8c length 64
[prefill_tf] rank 0 step 109: target 126293 argmax 17 lmax 17.5369015 lse 18.67090613 target_logit nan
[head_hidden] rank 0 step 109: d1a20f91e8b14213 length 129
[prefill_tf] rank 0 step 110: target 847 argmax 847 lmax 27.9212074 lse 27.9212308147 target_logit 27.9212074
[head_hidden] rank 0 step 110: 830d368ce164cf45 length 257
[prefill_tf] rank 0 step 111: target 760 argmax 760 lmax 20.1001701 lse 20.7628559534 target_logit 20.1001701
[head_hidden] rank 0 step 111: b5316894dac90630 length 1024
[prefill_tf] rank 0 step 112: target 702 argmax 1484 lmax 3.7591393 lse 11.0496155553 target_logit 0.303645968
[head_hidden] rank 0 step 112: f799b2695f08c705 length 1
[prefill_tf] rank 0 step 113: target 264 argmax 279 lmax 15.2589588 lse 16.873714122 target_logit 14.4703503
[head_hidden] rank 0 step 113: 034d6d8ff9ff1beb length 4
[prefill_tf] rank 0 step 114: target 77158 argmax 9662 lmax 17.2823372 lse 18.3416828098 target_logit nan
[head_hidden] rank 0 step 114: d3cc2f24ae0b3b59 length 8
[prefill_tf] rank 0 step 115: target 432 argmax 432 lmax 21.9418793 lse 21.9589867385 target_logit 21.9418793
[head_hidden] rank 0 step 115: 3e017baa50f43caf length 17
[prefill_tf] rank 0 step 116: target 806 argmax 806 lmax 25.8391628 lse 25.8391883869 target_logit 25.8391628
[head_hidden] rank 0 step 116: 5aa179e40b821b8b length 64
[prefill_tf] rank 0 step 117: target 30610 argmax 30610 lmax 31.7124043 lse 31.7124072403 target_logit 31.7124043
[head_hidden] rank 0 step 117: 997b1528f50f188b length 129
[prefill_tf] rank 0 step 118: target 44863 argmax 3908 lmax 19.1353741 lse 20.16982167 target_logit nan
[head_hidden] rank 0 step 118: 4183a56579d6236a length 257
[prefill_tf] rank 0 step 119: target 285 argmax 285 lmax 35.5958939 lse 35.5958995332 target_logit 35.5958939
[head_hidden] rank 0 step 119: a0424dda952033f5 length 1024
[prefill_tf] rank 0 step 120: target 518 argmax 1484 lmax 3.74751329 lse 11.0438998705 target_logit 1.05688775
[head_hidden] rank 0 step 120: 9942595c2be1d461 length 1
[prefill_tf] rank 0 step 121: target 405 argmax 374 lmax 14.8583298 lse 17.0404646833 target_logit 7.90825272
[head_hidden] rank 0 step 121: 56c186cb8a294d8b length 4
[prefill_tf] rank 0 step 122: target 11499 argmax 2711 lmax 14.4888706 lse 16.9285103618 target_logit 7.13559055
[head_hidden] rank 0 step 122: 5b60e603b3dbe4c2 length 8
[prefill_tf] rank 0 step 123: target 8569 argmax 8569 lmax 24.0656834 lse 24.0662219085 target_logit 24.0656834
[head_hidden] rank 0 step 123: d3e9fbee3b80e047 length 17
[prefill_tf] rank 0 step 124: target 9762 argmax 9762 lmax 27.8133717 lse 27.813818153 target_logit 27.8133717
[head_hidden] rank 0 step 124: a800a9df5c1d39a8 length 64
[prefill_tf] rank 0 step 125: target 11 argmax 374 lmax 16.4366474 lse 17.9074113283 target_logit 12.8827877
[head_hidden] rank 0 step 125: 37c8d393f362b721 length 129
[prefill_tf] rank 0 step 126: target 13 argmax 13 lmax 18.5280838 lse 18.632551868 target_logit 18.5280838
[head_hidden] rank 0 step 126: 843327f68b5aefc5 length 257
[prefill_tf] rank 0 step 127: target 279 argmax 279 lmax 17.1949062 lse 17.7070486383 target_logit 17.1949062
[head_hidden] rank 0 step 127: 7fdb8af0a1a88633 length 1024
[prefill_tf] rank 0 step 128: target 280 argmax 1484 lmax 3.83115911 lse 11.03353844 target_logit 0.84855485
[head_hidden] rank 0 step 128: ed60ec44285fd8b1 length 1
[prefill_tf] rank 0 step 129: target 5863 argmax 5863 lmax 21.8384247 lse 21.8403914138 target_logit 21.8384247
[head_hidden] rank 0 step 129: e1d5fb4e5f34cfd9 length 4
[prefill_tf] rank 0 step 130: target 3468 argmax 220 lmax 13.7250452 lse 15.5006056235 target_logit 4.10599995
[head_hidden] rank 0 step 130: 3100a88d8f2d8d83 length 8
[prefill_tf] rank 0 step 131: target 421 argmax 264 lmax 17.8121853 lse 18.825460769 target_logit 14.4017553
[head_hidden] rank 0 step 131: 601547460a07f0ca length 17
[prefill_tf] rank 0 step 132: target 1959 argmax 11 lmax 18.2035179 lse 18.7515449834 target_logit 7.86646891
[head_hidden] rank 0 step 132: d0de7950c0e18afa length 64
[prefill_tf] rank 0 step 133: target 6668 argmax 33234 lmax 14.1406221 lse 15.8354397299 target_logit 9.28465176
[head_hidden] rank 0 step 133: 58792de058145592 length 129
[prefill_tf] rank 0 step 134: target 220 argmax 8 lmax 15.2288294 lse 16.5045295701 target_logit 12.723671
[head_hidden] rank 0 step 134: f1c54e42b59ee95a length 257
[prefill_tf] rank 0 step 135: target 2879 argmax 2879 lmax 26.86236 lse 26.8662570371 target_logit 26.86236
[head_hidden] rank 0 step 135: 3c1971adc04a627d length 1024
[prefill_tf] rank 0 step 136: target 272 argmax 1484 lmax 3.87742853 lse 11.0450526062 target_logit 0.335087657
[head_hidden] rank 0 step 136: 46c5deb70af1d284 length 1
[prefill_tf] rank 0 step 137: target 264 argmax 264 lmax 14.991909 lse 17.1257001318 target_logit 14.991909
[head_hidden] rank 0 step 137: d8230ce4fdc04f6b length 4
[prefill_tf] rank 0 step 138: target 6172 argmax 25 lmax 16.4768391 lse 17.8329115485 target_logit 6.45812225
[head_hidden] rank 0 step 138: bb0cf2e5e3816ac9 length 8
[prefill_tf] rank 0 step 139: target 8038 argmax 6337 lmax 13.7619915 lse 16.2941181964 target_logit 9.02248383
[head_hidden] rank 0 step 139: d7eca8a6a1d07558 length 17
[prefill_tf] rank 0 step 140: target 1697 argmax 1697 lmax 24.9470043 lse 24.9478580967 target_logit 24.9470043
[head_hidden] rank 0 step 140: e35a0939b48bf9d6 length 64
[prefill_tf] rank 0 step 141: target 358 argmax 358 lmax 27.7300739 lse 27.7300894467 target_logit 27.7300739
[head_hidden] rank 0 step 141: 2c6ab018245c6bde length 129
[prefill_tf] rank 0 step 142: target 45273 argmax 895 lmax 15.0837622 lse 17.1471696936 target_logit nan
[head_hidden] rank 0 step 142: aa0aad8b1ed7f836 length 257
[prefill_tf] rank 0 step 143: target 13905 argmax 8836 lmax 17.8968391 lse 18.4073705856 target_logit 16.6314583
[head_hidden] rank 0 step 143: 905d110b113bc97b length 1024
[prefill_tf] rank 0 step 144: target 44498 argmax 1484 lmax 3.73472548 lse 11.052818154 target_logit nan
[head_hidden] rank 0 step 144: 3246130b465c6283 length 1
[prefill_tf] rank 0 step 145: target 518 argmax 311 lmax 16.2813778 lse 17.7816533445 target_logit 14.4060574
[head_hidden] rank 0 step 145: ea15350f7d68e8b9 length 4
[prefill_tf] rank 0 step 146: target 525 argmax 315 lmax 14.8282061 lse 16.5389503768 target_logit 13.8784122
[head_hidden] rank 0 step 146: 0e26bc70b9c391c5 length 8
[prefill_tf] rank 0 step 147: target 3593 argmax 198 lmax 14.0906391 lse 16.272208771 target_logit 6.91047812
[head_hidden] rank 0 step 147: 5e63b1a37aea8a50 length 17
[prefill_tf] rank 0 step 148: target 33 argmax 33 lmax 26.0013447 lse 26.0013972246 target_logit 26.0013447
[head_hidden] rank 0 step 148: c8f7d85b3522f229 length 64
[prefill_tf] rank 0 step 149: target 320 argmax 320 lmax 19.6842804 lse 20.0653802846 target_logit 19.6842804
[head_hidden] rank 0 step 149: 520c7a44d1c03543 length 129
[prefill_tf] rank 0 step 150: target 432 argmax 432 lmax 27.188467 lse 27.1891889495 target_logit 27.188467
[head_hidden] rank 0 step 150: 9453fcaef089fe81 length 257
[prefill_tf] rank 0 step 151: target 49695 argmax 63 lmax 17.3586102 lse 17.8650205666 target_logit nan
[head_hidden] rank 0 step 151: 47bc7d2d7b8500b1 length 1024
[prefill_tf] rank 0 step 152: target 12 argmax 1484 lmax 3.68206143 lse 11.0089513394 target_logit 0.126020312
[head_hidden] rank 0 step 152: f3e02236db740dea length 1
[prefill_tf] rank 0 step 153: target 1730 argmax 4172 lmax 16.8764763 lse 18.814576424 target_logit 14.2562542
[head_hidden] rank 0 step 153: a0c59b21198e0fa3 length 4
[prefill_tf] rank 0 step 154: target 432 argmax 432 lmax 20.7209816 lse 20.7218405682 target_logit 20.7209816
[head_hidden] rank 0 step 154: 64c7e8e4096d181a length 8
[prefill_tf] rank 0 step 155: target 17 argmax 16 lmax 19.3514595 lse 20.9009384102 target_logit 19.1501503
[head_hidden] rank 0 step 155: 29fa7556dc5d4163 length 17
[prefill_tf] rank 0 step 156: target 1959 argmax 6337 lmax 15.0996475 lse 16.5641995331 target_logit 5.26789665
[head_hidden] rank 0 step 156: 5319ebc888e54528 length 64
[prefill_tf] rank 0 step 157: target 11 argmax 13 lmax 19.7745018 lse 20.3422035735 target_logit 16.8560524
[head_hidden] rank 0 step 157: c8f5d96f7e41e59f length 129
[prefill_tf] rank 0 step 158: target 17996 argmax 17996 lmax 33.4895706 lse 33.4895799077 target_logit 33.4895706
[head_hidden] rank 0 step 158: f33d222be2b4c82c length 257
[prefill_tf] rank 0 step 159: target 832 argmax 832 lmax 34.7136078 lse 34.7136080221 target_logit 34.7136078
[head_hidden] rank 0 step 159: 4f438684f7d6298f length 1024
[prefill_tf] rank 0 step 160: target 4599 argmax 1484 lmax 3.61152697 lse 11.0222616553 target_logit 0.243578166
[head_hidden] rank 0 step 160: ce61ede7455df716 length 1
[prefill_tf] rank 0 step 161: target 279 argmax 279 lmax 14.7646532 lse 16.2589456872 target_logit 14.7646532
[head_hidden] rank 0 step 161: 4aa4954b32b4db9f length 4
[prefill_tf] rank 0 step 162: target 28748 argmax 28748 lmax 12.7627821 lse 15.1962911827 target_logit 12.7627821
[head_hidden] rank 0 step 162: 3c85e9b688b8753e length 8
[prefill_tf] rank 0 step 163: target 806 argmax 806 lmax 22.1527996 lse 22.1543845493 target_logit 22.1527996
[head_hidden] rank 0 step 163: 0d497d69578e43ab length 17
[prefill_tf] rank 0 step 164: target 3166 argmax 3166 lmax 24.0487823 lse 24.0492479579 target_logit 24.0487823
[head_hidden] rank 0 step 164: c597f739bb7c25cd length 64
[prefill_tf] rank 0 step 165: target 279 argmax 279 lmax 28.8487453 lse 28.8487532724 target_logit 28.8487453
[head_hidden] rank 0 step 165: 6311fe65ac94d562 length 129
[prefill_tf] rank 0 step 166: target 374 argmax 374 lmax 23.3114471 lse 23.4357766267 target_logit 23.3114471
[head_hidden] rank 0 step 166: 953389391e0a6473 length 257
[prefill_tf] rank 0 step 167: target 304 argmax 220 lmax 15.3145418 lse 17.2349973968 target_logit 14.2136087
[head_hidden] rank 0 step 167: e5f9dc332f729978 length 1024
[prefill_tf] rank 0 step 168: target 8710 argmax 1484 lmax 3.93121862 lse 11.0032180947 target_logit 0.0984209478
[head_hidden] rank 0 step 168: 85588b51f5edef10 length 1
[prefill_tf] rank 0 step 169: target 20 argmax 20 lmax 17.2960091 lse 18.4561143993 target_logit 17.2960091
[head_hidden] rank 0 step 169: 90843d8c998ff9c1 length 4
[prefill_tf] rank 0 step 170: target 315 argmax 315 lmax 18.1428719 lse 18.1660790265 target_logit 18.1428719
[head_hidden] rank 0 step 170: aaf8611ef3fb01a0 length 8
[prefill_tf] rank 0 step 171: target 279 argmax 279 lmax 24.8378716 lse 24.8455337232 target_logit 24.8378716
[head_hidden] rank 0 step 171: 92154b32a480a139 length 17
[prefill_tf] rank 0 step 172: target 3795 argmax 12 lmax 16.5933819 lse 17.8823091265 target_logit 14.8999195
[head_hidden] rank 0 step 172: 22400cae1ac9d39c length 64
[prefill_tf] rank 0 step 173: target 279 argmax 279 lmax 19.4951172 lse 20.3404337918 target_logit 19.4951172
[head_hidden] rank 0 step 173: 09fe5f5ba4e3ba60 length 129
[prefill_tf] rank 0 step 174: target 55101 argmax 220 lmax 15.5409403 lse 16.8179242795 target_logit nan
[head_hidden] rank 0 step 174: a6ed2d3f25ab95b5 length 257
[prefill_tf] rank 0 step 175: target 76 argmax 76 lmax 31.3834839 lse 31.3834929546 target_logit 31.3834839
[head_hidden] rank 0 step 175: 44374e3fe0d9a8af length 1024
[prefill_tf] rank 0 step 176: target 323 argmax 28446 lmax 3.61986279 lse 11.0374359593 target_logit 0.295084476
[head_hidden] rank 0 step 176: 797353474eb8b788 length 1
[prefill_tf] rank 0 step 177: target 13905 argmax 320 lmax 13.8858261 lse 15.99176714 target_logit 6.01411295
[head_hidden] rank 0 step 177: 4d12de58eec6fceb length 4
[prefill_tf] rank 0 step 178: target 3753 argmax 3753 lmax 20.7085648 lse 20.8610432107 target_logit 20.7085648
[head_hidden] rank 0 step 178: 34bac5c347225082 length 8
[prefill_tf] rank 0 step 179: target 1526 argmax 374 lmax 16.9951477 lse 18.2334421894 target_logit 10.7192144
[head_hidden] rank 0 step 179: b1764087e0e17667 length 17
[prefill_tf] rank 0 step 180: target 13 argmax 13 lmax 22.7207031 lse 22.7279300065 target_logit 22.7207031
[head_hidden] rank 0 step 180: 7239e3b5ebf78677 length 64
[prefill_tf] rank 0 step 181: target 2041 argmax 2041 lmax 26.831461 lse 26.9244946816 target_logit 26.831461
[head_hidden] rank 0 step 181: fa427f159c0521ec length 129
[prefill_tf] rank 0 step 182: target 13 argmax 13 lmax 18.2499123 lse 19.1306234888 target_logit 18.2499123
[head_hidden] rank 0 step 182: 1968715ddc12c752 length 257
[prefill_tf] rank 0 step 183: target 26346 argmax 594 lmax 14.1374407 lse 16.7190595712 target_logit 9.63567162
[head_hidden] rank 0 step 183: e0d441c9a46d973b length 1024
[prefill_tf] rank 0 step 184: target 13021 argmax 1484 lmax 3.62554932 lse 11.0451851804 target_logit 0.0913339853
[head_hidden] rank 0 step 184: 6554b45c180f7db2 length 1
[prefill_tf] rank 0 step 185: target 198 argmax 22645 lmax 14.9858341 lse 17.0612627012 target_logit 10.9590178
[head_hidden] rank 0 step 185: 8088c5c77d0ac2bc length 4
[prefill_tf] rank 0 step 186: target 5454 argmax 5454 lmax 13.8451061 lse 15.0162214353 target_logit 13.8451061
[head_hidden] rank 0 step 186: 8970c304e442b631 length 8
[prefill_tf] rank 0 step 187: target 109295 argmax 17 lmax 15.7783613 lse 17.1260438158 target_logit nan
[head_hidden] rank 0 step 187: 26abbd1a171ca1c8 length 17
[prefill_tf] rank 0 step 188: target 16609 argmax 279 lmax 19.2178154 lse 19.6494573427 target_logit 6.12965202
[head_hidden] rank 0 step 188: 63f6564557c5e2e3 length 64
[prefill_tf] rank 0 step 189: target 2073 argmax 2073 lmax 22.8677731 lse 22.8683193735 target_logit 22.8677731
[head_hidden] rank 0 step 189: 93dfe50507644895 length 129
[prefill_tf] rank 0 step 190: target 69119 argmax 24071 lmax 23.8456631 lse 24.3666691976 target_logit nan
[head_hidden] rank 0 step 190: a2c9ca2813046a93 length 257
[prefill_tf] rank 0 step 191: target 86491 argmax 8903 lmax 20.7505589 lse 21.1428895662 target_logit nan
[head_hidden] rank 0 step 191: a68e2d28c8c68547 length 1024
[prefill_tf] rank 0 step 192: target 6605 argmax 1484 lmax 3.86811471 lse 11.0638042651 target_logit 0.967248321
[head_hidden] rank 0 step 192: c3384234dcbf22c1 length 1
[prefill_tf] rank 0 step 193: target 315 argmax 315 lmax 19.1644459 lse 19.3100737387 target_logit 19.1644459
[head_hidden] rank 0 step 193: acdbd8169d1b3097 length 4
[prefill_tf] rank 0 step 194: target 14387 argmax 3681 lmax 13.9397001 lse 16.2750103771 target_logit 11.6160631
[head_hidden] rank 0 step 194: 6fb51e1f94fbc835 length 8
[prefill_tf] rank 0 step 195: target 7077 argmax 2436 lmax 15.1945992 lse 16.8982529963 target_logit 4.3937912
[head_hidden] rank 0 step 195: e5c9d5f5e29a88ff length 17
[prefill_tf] rank 0 step 196: target 7077 argmax 198 lmax 17.4616871 lse 17.9928414055 target_logit 8.87287617
[head_hidden] rank 0 step 196: c362a343d2dd86b1 length 64
[prefill_tf] rank 0 step 197: target 3795 argmax 12 lmax 17.4698563 lse 18.426359729 target_logit 14.9706411
[head_hidden] rank 0 step 197: f5fa69c2d8648549 length 129
[prefill_tf] rank 0 step 198: target 10163 argmax 10163 lmax 18.025135 lse 18.0443469765 target_logit 18.025135
[head_hidden] rank 0 step 198: 7876280d2f7c8154 length 257
[prefill_tf] rank 0 step 199: target 2221 argmax 533 lmax 17.5244904 lse 18.7082010258 target_logit 17.2892399
[head_hidden] rank 0 step 199: ac6c61b61840f6e6 length 1024
[prefill_tf] rank 0 step 200: target 3600 argmax 1484 lmax 4.14181805 lse 11.0152715772 target_logit 0.0423724353
[head_hidden] rank 0 step 200: 4d9aa9a839ff7acb length 1
[prefill_tf] rank 0 step 201: target 379 argmax 15277 lmax 17.4506264 lse 18.1734828678 target_logit 15.7488403
[head_hidden] rank 0 step 201: d88d19d7799dc92c length 4
[prefill_tf] rank 0 step 202: target 14 argmax 198 lmax 16.1407795 lse 16.6010648331 target_logit 9.33964729
[head_hidden] rank 0 step 202: 4d3b9532865861f8 length 8
[prefill_tf] rank 0 step 203: target 17212 argmax 17212 lmax 23.2982101 lse 23.3118819163 target_logit 23.2982101
[head_hidden] rank 0 step 203: da051eb3fcbe1e0c length 17
[prefill_tf] rank 0 step 204: target 279 argmax 279 lmax 24.6741867 lse 24.6753862404 target_logit 24.6741867
[head_hidden] rank 0 step 204: 674dcb7621e70436 length 64
[prefill_tf] rank 0 step 205: target 1091 argmax 1091 lmax 27.4269543 lse 27.4269607483 target_logit 27.4269543
[head_hidden] rank 0 step 205: 1b85405d7ba0038f length 129
[prefill_tf] rank 0 step 206: target 448 argmax 448 lmax 25.3173199 lse 25.3173884167 target_logit 25.3173199
[head_hidden] rank 0 step 206: 566448aa3477b44b length 257
[prefill_tf] rank 0 step 207: target 8472 argmax 320 lmax 17.019043 lse 18.0939681067 target_logit 15.9703312
[head_hidden] rank 0 step 207: 2893b5c483d94e68 length 1024
[prefill_tf] rank 0 step 208: target 220 argmax 1484 lmax 3.6998105 lse 11.0422208581 target_logit 0.640383959
[head_hidden] rank 0 step 208: 6d8946ecbe5066ce length 1
[prefill_tf] rank 0 step 209: target 2073 argmax 14000 lmax 13.9792995 lse 15.2100606488 target_logit 11.303545
[head_hidden] rank 0 step 209: 3c058aa431a9cc0f length 4
[prefill_tf] rank 0 step 210: target 69252 argmax 724 lmax 17.02285 lse 17.4612349724 target_logit nan
[head_hidden] rank 0 step 210: 058f4b2efca9a996 length 8
[prefill_tf] rank 0 step 211: target 11 argmax 11 lmax 18.7589417 lse 18.8166496092 target_logit 18.7589417
[head_hidden] rank 0 step 211: 852f744b97d6e7fe length 17
[prefill_tf] rank 0 step 212: target 54750 argmax 6092 lmax 18.2158833 lse 19.0867349935 target_logit nan
[head_hidden] rank 0 step 212: 7549c325bed7903e length 64
[prefill_tf] rank 0 step 213: target 279 argmax 279 lmax 28.4948215 lse 28.4950788092 target_logit 28.4948215
[head_hidden] rank 0 step 213: 3a1a7fef8d86df35 length 129
[prefill_tf] rank 0 step 214: target 9245 argmax 760 lmax 18.2412815 lse 18.5503388972 target_logit 16.4322414
[head_hidden] rank 0 step 214: b1522e71d7a48fa8 length 257
[prefill_tf] rank 0 step 215: target 697 argmax 697 lmax 32.3030586 lse 32.3030607688 target_logit 32.3030586
[head_hidden] rank 0 step 215: 39a124b670e95d02 length 1024
[prefill_tf] rank 0 step 216: target 11 argmax 1484 lmax 3.56615543 lse 11.0182938992 target_logit -0.382402778
[head_hidden] rank 0 step 216: 3047add47ad8e5eb length 1
[prefill_tf] rank 0 step 217: target 323 argmax 714 lmax 16.176815 lse 16.8714506863 target_logit 13.1803217
[head_hidden] rank 0 step 217: 940a5df45f92ad36 length 4
[prefill_tf] rank 0 step 218: target 702 argmax 374 lmax 18.8700218 lse 19.9027276892 target_logit 17.3543339
[head_hidden] rank 0 step 218: 8003201f4bdf7110 length 8
[prefill_tf] rank 0 step 219: target 220 argmax 220 lmax 13.7010012 lse 15.7949935271 target_logit 13.7010012
[head_hidden] rank 0 step 219: 14abbb3db4803fe9 length 17
[prefill_tf] rank 0 step 220: target 566 argmax 566 lmax 23.7550697 lse 23.7560365049 target_logit 23.7550697
[head_hidden] rank 0 step 220: e232f595cd10c809 length 64
[prefill_tf] rank 0 step 221: target 760 argmax 760 lmax 17.7305088 lse 17.8826161115 target_logit 17.7305088
[head_hidden] rank 0 step 221: 78ac723fb9ad9c55 length 129
[prefill_tf] rank 0 step 222: target 16609 argmax 21274 lmax 16.5553017 lse 16.9944643675 target_logit 8.94364262
[head_hidden] rank 0 step 222: ca9442b7f9a1c190 length 257
[prefill_tf] rank 0 step 223: target 4452 argmax 4452 lmax 16.6759434 lse 17.0851348423 target_logit 16.6759434
[head_hidden] rank 0 step 223: 3ebb6e5125eb302f length 1024
[prefill_tf] rank 0 step 224: target 22137 argmax 1484 lmax 3.72881436 lse 11.0453837634 target_logit 1.1811595
[head_hidden] rank 0 step 224: 4f15736c070261dc length 1
[prefill_tf] rank 0 step 225: target 82 argmax 82 lmax 17.7878418 lse 18.714040827 target_logit 17.7878418
[head_hidden] rank 0 step 225: 78387ebdc853e50a length 4
[prefill_tf] rank 0 step 226: target 752 argmax 279 lmax 17.4015656 lse 18.4663433342 target_logit 15.1791821
[head_hidden] rank 0 step 226: e7f21985272833df length 8
[prefill_tf] rank 0 step 227: target 71116 argmax 374 lmax 14.0187359 lse 16.0431639194 target_logit nan
[head_hidden] rank 0 step 227: f0e9ca349862bfcd length 17
[prefill_tf] rank 0 step 228: target 264 argmax 1602 lmax 21.4716778 lse 21.7587175709 target_logit 19.7327213
[head_hidden] rank 0 step 228: 03793034b504e3c0 length 64
[prefill_tf] rank 0 step 229: target 429 argmax 429 lmax 25.5560226 lse 25.8010284525 target_logit 25.5560226
[head_hidden] rank 0 step 229: 63c9ee14630eae8c length 129
[prefill_tf] rank 0 step 230: target 8568 argmax 6337 lmax 15.0768471 lse 16.2568765921 target_logit 8.50156021
[head_hidden] rank 0 step 230: a7de81e12a88d4d4 length 257
[prefill_tf] rank 0 step 231: target 26272 argmax 26272 lmax 31.3056736 lse 31.3057006143 target_logit 31.3056736
[head_hidden] rank 0 step 231: b648a3ef87a1be14 length 1024
[prefill_tf] rank 0 step 232: target 11 argmax 1484 lmax 3.79759359 lse 11.0593548752 target_logit -0.061270833
[head_hidden] rank 0 step 232: 26a1075c1b029c24 length 1
[prefill_tf] rank 0 step 233: target 21698 argmax 821 lmax 13.6880741 lse 16.4898128701 target_logit 6.99107647
[head_hidden] rank 0 step 233: 4750a4814a4b3c8d length 4
[prefill_tf] rank 0 step 234: target 50804 argmax 220 lmax 13.6488562 lse 15.1425153136 target_logit nan
[head_hidden] rank 0 step 234: ccf0aa841b7b526c length 8
[prefill_tf] rank 0 step 235: target 785 argmax 58 lmax 13.2747335 lse 16.3700230985 target_logit 11.0410013
[head_hidden] rank 0 step 235: ea888bc0af99883f length 17
[prefill_tf] rank 0 step 236: target 17 argmax 17 lmax 23.3680725 lse 23.3709869102 target_logit 23.3680725
[head_hidden] rank 0 step 236: eb0c81048e205e1d length 64
[prefill_tf] rank 0 step 237: target 11 argmax 3593 lmax 17.912075 lse 18.9007884971 target_logit 14.3710861
[head_hidden] rank 0 step 237: b1ff5051ae437181 length 129
[prefill_tf] rank 0 step 238: target 825 argmax 825 lmax 26.4681244 lse 26.4682548962 target_logit 26.4681244
[head_hidden] rank 0 step 238: 7ba899d9b37546f3 length 257
[prefill_tf] rank 0 step 239: target 12515 argmax 63 lmax 16.2772751 lse 17.1498169249 target_logit 10.2014036
[head_hidden] rank 0 step 239: f20a6de3f3f6cb4d length 1024
[prefill_tf] rank 0 step 240: target 6738 argmax 1484 lmax 3.658638 lse 11.049621359 target_logit 0.998694181
[head_hidden] rank 0 step 240: f832002ec159ff95 length 1
[prefill_tf] rank 0 step 241: target 6006 argmax 323 lmax 13.9094181 lse 16.1253147937 target_logit 4.02236271
[head_hidden] rank 0 step 241: 98e876143b6d5f6e length 4
[prefill_tf] rank 0 step 242: target 1815 argmax 374 lmax 14.1027451 lse 16.4981330967 target_logit 13.3105516
[head_hidden] rank 0 step 242: 097c327fc4634d66 length 8
[prefill_tf] rank 0 step 243: target 773 argmax 773 lmax 22.1753941 lse 22.8326394645 target_logit 22.1753941
[head_hidden] rank 0 step 243: 4282a8aa6c16d168 length 17
[prefill_tf] rank 0 step 244: target 8314 argmax 8314 lmax 28.0498886 lse 28.050174799 target_logit 28.0498886
[head_hidden] rank 0 step 244: c88bb0c2a153a3d2 length 64
[prefill_tf] rank 0 step 245: target 3624 argmax 264 lmax 16.0494671 lse 17.6324675944 target_logit 10.2409124
[head_hidden] rank 0 step 245: bbc5a21814664761 length 129
[prefill_tf] rank 0 step 246: target 5098 argmax 5098 lmax 31.8685551 lse 31.8689656018 target_logit 31.8685551
[head_hidden] rank 0 step 246: 3649a8859690a964 length 257
[prefill_tf] rank 0 step 247: target 4588 argmax 4588 lmax 31.3972511 lse 31.3972591023 target_logit 31.3972511
[head_hidden] rank 0 step 247: b6771a91df4dbbc3 length 1024
[prefill_tf] rank 0 step 248: target 21543 argmax 1484 lmax 3.78190374 lse 11.0621798106 target_logit 0.780596256
[head_hidden] rank 0 step 248: 2e2d6096ea3565ca length 1
[prefill_tf] rank 0 step 249: target 21871 argmax 21871 lmax 21.0306149 lse 21.1600269656 target_logit 21.0306149
[head_hidden] rank 0 step 249: c5476e7740984961 length 4
[prefill_tf] rank 0 step 250: target 18 argmax 13 lmax 15.6799011 lse 16.5866811465 target_logit 12.9965219
[head_hidden] rank 0 step 250: 665d670c8c0385ae length 8
[prefill_tf] rank 0 step 251: target 382 argmax 624 lmax 17.7375317 lse 18.9201754879 target_logit 14.9096403
[head_hidden] rank 0 step 251: b0257d8909297d12 length 17
[prefill_tf] rank 0 step 252: target 438 argmax 438 lmax 19.3199787 lse 19.5934157527 target_logit 19.3199787
[head_hidden] rank 0 step 252: c464edf24775492a length 64
[prefill_tf] rank 0 step 253: target 2073 argmax 2073 lmax 23.0467606 lse 23.0469796211 target_logit 23.0467606
[head_hidden] rank 0 step 253: 663b0f6756c81cad length 129
[prefill_tf] rank 0 step 254: target 3283 argmax 3283 lmax 23.521492 lse 23.570287318 target_logit 23.521492
[head_hidden] rank 0 step 254: 1e40e5471c628832 length 257
[prefill_tf] rank 0 step 255: target 17 argmax 16 lmax 15.9984865 lse 17.6471375108 target_logit 14.8494473
[head_hidden] rank 0 step 255: 906147e730c5fd9b length 1024
[prefill_tf_end] rank 0 world 4 positions 256
[head_time] rank 0 seconds 378.107338 capacity 1024
