[prefill_tf] rank 1 step 0: target 3283 argmax 45100 lmax 3.32141948 lse 10.9909903921 target_logit nan
[head_hidden] rank 1 step 0: 19e6ffe08e963aa9 length 1
[prefill_tf] rank 1 step 1: target 902 argmax 67386 lmax 10.2306681 lse 11.9055295572 target_logit nan
[head_hidden] rank 1 step 1: 565509bc1bb14c44 length 4
[prefill_tf] rank 1 step 2: target 15070 argmax 40577 lmax 11.1043148 lse 13.1533745666 target_logit nan
[head_hidden] rank 1 step 2: 3881965770ffa006 length 8
[prefill_tf] rank 1 step 3: target 892 argmax 72755 lmax 13.4540844 lse 13.6874961557 target_logit nan
[head_hidden] rank 1 step 3: 7fae35334b8f378d length 17
[prefill_tf] rank 1 step 4: target 922 argmax 63344 lmax 13.4877272 lse 14.3844095522 target_logit nan
[head_hidden] rank 1 step 4: 0811d07a22a1af5a length 64
[prefill_tf] rank 1 step 5: target 3838 argmax 74548 lmax 12.3109789 lse 13.2747838821 target_logit nan
[head_hidden] rank 1 step 5: 3ee30bc7322f8414 length 129
[prefill_tf] rank 1 step 6: target 26311 argmax 42510 lmax 10.1950798 lse 13.5342785381 target_logit nan
[head_hidden] rank 1 step 6: 0b88a0d8b4c8afc8 length 257
[prefill_tf] rank 1 step 7: target 358 argmax 45042 lmax 10.0514793 lse 11.6009836596 target_logit nan
[head_hidden] rank 1 step 7: e33557137eb78c2c length 1024
[prefill_tf] rank 1 step 8: target 31052 argmax 45100 lmax 3.21069241 lse 11.0396073652 target_logit nan
[head_hidden] rank 1 step 8: 7be56ad4ca5dd177 length 1
[prefill_tf] rank 1 step 9: target 198 argmax 45451 lmax 12.2546701 lse 13.2365427438 target_logit nan
[head_hidden] rank 1 step 9: 1d220120407756b0 length 4
[prefill_tf] rank 1 step 10: target 5112 argmax 47393 lmax 15.4129047 lse 16.4001377151 target_logit nan
[head_hidden] rank 1 step 10: dee4a7bdd322b041 length 8
[prefill_tf] rank 1 step 11: target 8907 argmax 65564 lmax 14.4406624 lse 15.2914662926 target_logit nan
[head_hidden] rank 1 step 11: 4b2c6c7c24da6ac3 length 17
[prefill_tf] rank 1 step 12: target 5702 argmax 67835 lmax 12.0293407 lse 13.5617414784 target_logit nan
[head_hidden] rank 1 step 12: 1307b6ca4aafd7b2 length 64
[prefill_tf] rank 1 step 13: target 16804 argmax 59198 lmax 12.9476099 lse 14.8700849195 target_logit nan
[head_hidden] rank 1 step 13: 0345bc15589d06b3 length 129
[prefill_tf] rank 1 step 14: target 1045 argmax 38836 lmax 18.4498978 lse 18.4721636417 target_logit nan
[head_hidden] rank 1 step 14: 8ef637c8d6a690dd length 257
[prefill_tf] rank 1 step 15: target 9315 argmax 46623 lmax 12.2896795 lse 13.7835424128 target_logit nan
[head_hidden] rank 1 step 15: 083f5a8a64d5a0f1 length 1024
[prefill_tf] rank 1 step 16: target 198 argmax 45100 lmax 3.3431325 lse 10.8897580714 target_logit nan
[head_hidden] rank 1 step 16: b7b5d3698e900e78 length 1
[prefill_tf] rank 1 step 17: target 44706 argmax 63878 lmax 20.266552 lse 20.7516723412 target_logit 19.3219681
[head_hidden] rank 1 step 17: 3d6e41e5ff8131d1 length 4
[prefill_tf] rank 1 step 18: target 2669 argmax 55622 lmax 12.9780226 lse 14.2560713097 target_logit nan
[head_hidden] rank 1 step 18: 423e0afac3be64cc length 8
[prefill_tf] rank 1 step 19: target 63 argmax 61898 lmax 13.8232985 lse 14.8435151896 target_logit nan
[head_hidden] rank 1 step 19: b7a60db8cf7dbb5f length 17
[prefill_tf] rank 1 step 20: target 879 argmax 43638 lmax 11.5850248 lse 12.6121990573 target_logit nan
[head_hidden] rank 1 step 20: 661cd80c0f9f413e length 64
[prefill_tf] rank 1 step 21: target 11 argmax 57085 lmax 9.62874317 lse 11.1844320755 target_logit nan
[head_hidden] rank 1 step 21: 8e805d68c3c95728 length 129
[prefill_tf] rank 1 step 22: target 279 argmax 48184 lmax 9.45393372 lse 11.0238174163 target_logit nan
[head_hidden] rank 1 step 22: 8d8435fe118dd77e length 257
[prefill_tf] rank 1 step 23: target 6032 argmax 46954 lmax 16.0299587 lse 17.2679317326 target_logit nan
[head_hidden] rank 1 step 23: 5209709348ff08ff length 1024
[prefill_tf] rank 1 step 24: target 21 argmax 45100 lmax 3.18586802 lse 11.012436583 target_logit nan
[head_hidden] rank 1 step 24: ce61ede7455df716 length 1
[prefill_tf] rank 1 step 25: target 11 argmax 62197 lmax 8.57094002 lse 12.9642267464 target_logit nan
[head_hidden] rank 1 step 25: 7f1369c203595fbc length 4
[prefill_tf] rank 1 step 26: target 315 argmax 61724 lmax 12.1875315 lse 14.2903042891 target_logit nan
[head_hidden] rank 1 step 26: 69026e7e04b106bf length 8
[prefill_tf] rank 1 step 27: target 320 argmax 64577 lmax 10.7558651 lse 13.2535759111 target_logit nan
[head_hidden] rank 1 step 27: 7dcb24b56b5c2c15 length 17
[prefill_tf] rank 1 step 28: target 21698 argmax 44120 lmax 13.1426487 lse 14.1781324104 target_logit nan
[head_hidden] rank 1 step 28: 44fa368c788f7f30 length 64
[prefill_tf] rank 1 step 29: target 3697 argmax 74585 lmax 14.9153423 lse 15.0430361827 target_logit nan
[head_hidden] rank 1 step 29: 6c880cd44b0df74f length 129
[prefill_tf] rank 1 step 30: target 879 argmax 39000 lmax 12.1545467 lse 12.9857456986 target_logit nan
[head_hidden] rank 1 step 30: 677e907a4660481d length 257
[prefill_tf] rank 1 step 31: target 2581 argmax 41848 lmax 12.4243898 lse 14.8827746787 target_logit nan
[head_hidden] rank 1 step 31: 75bb9a5a00f49514 length 1024
[prefill_tf] rank 1 step 32: target 323 argmax 48551 lmax 3.32944036 lse 10.8555485908 target_logit nan
[head_hidden] rank 1 step 32: 85588b51f5edef10 length 1
[prefill_tf] rank 1 step 33: target 21053 argmax 64817 lmax 18.0831642 lse 18.132437003 target_logit nan
[head_hidden] rank 1 step 33: f22ceeb12f475711 length 4
[prefill_tf] rank 1 step 34: target 17 argmax 48995 lmax 14.0329409 lse 14.6009276685 target_logit nan
[head_hidden] rank 1 step 34: 6cc7ba61faf9534e length 8
[prefill_tf] rank 1 step 35: target 566 argmax 59894 lmax 15.901763 lse 15.9223423164 target_logit nan
[head_hidden] rank 1 step 35: 4201dac9177a9eac length 17
[prefill_tf] rank 1 step 36: target 315 argmax 60973 lmax 13.1716127 lse 13.5232717306 target_logit nan
[head_hidden] rank 1 step 36: 92a1136aa350437c length 64
[prefill_tf] rank 1 step 37: target 60378 argmax 49307 lmax 18.1577148 lse 19.3571524131 target_logit 17.6074314
[head_hidden] rank 1 step 37: 1b21e947c3da11aa length 129
[prefill_tf] rank 1 step 38: target 419 argmax 63308 lmax 15.6290083 lse 15.7486496019 target_logit nan
[head_hidden] rank 1 step 38: 28068c4fc3c29a01 length 257
[prefill_tf] rank 1 step 39: target 49772 argmax 49772 lmax 14.1715813 lse 15.0386512489 target_logit 14.1715813
[head_hidden] rank 1 step 39: 868776ad1d490e24 length 1024
[prefill_tf] rank 1 step 40: target 323 argmax 48551 lmax 3.32944036 lse 10.8555485908 target_logit nan
[head_hidden] rank 1 step 40: 85588b51f5edef10 length 1
[prefill_tf] rank 1 step 41: target 892 argmax 73401 lmax 9.38258266 lse 13.4480246854 target_logit nan
[head_hidden] rank 1 step 41: dddf6d36959f167c length 4
[prefill_tf] rank 1 step 42: target 437 argmax 69362 lmax 12.0732117 lse 14.2336797998 target_logit nan
[head_hidden] rank 1 step 42: ca3c991818f48443 length 8
[prefill_tf] rank 1 step 43: target 2879 argmax 47814 lmax 15.4525099 lse 15.5196212952 target_logit nan
[head_hidden] rank 1 step 43: 3fca6e7903c74b74 length 17
[prefill_tf] rank 1 step 44: target 488 argmax 55588 lmax 13.490694 lse 14.5133389743 target_logit nan
[head_hidden] rank 1 step 44: 3647bae66a3ec318 length 64
[prefill_tf] rank 1 step 45: target 311 argmax 69154 lmax 11.4148293 lse 12.3795243302 target_logit nan
[head_hidden] rank 1 step 45: 48f49308db10a261 length 129
[prefill_tf] rank 1 step 46: target 1506 argmax 64529 lmax 12.1293507 lse 13.3947759371 target_logit nan
[head_hidden] rank 1 step 46: d72b6a1c72768893 length 257
[prefill_tf] rank 1 step 47: target 48615 argmax 48615 lmax 35.1616211 lse 35.1616244711 target_logit 35.1616211
[head_hidden] rank 1 step 47: 6c5705b0a6226236 length 1024
[prefill_tf] rank 1 step 48: target 678 argmax 45100 lmax 3.37204123 lse 11.0004087573 target_logit nan
[head_hidden] rank 1 step 48: df5042b39f3c195a length 1
[prefill_tf] rank 1 step 49: target 99317 argmax 54571 lmax 9.57726479 lse 12.6054716929 target_logit nan
[head_hidden] rank 1 step 49: 0eebce6db518268e length 4
[prefill_tf] rank 1 step 50: target 10782 argmax 66653 lmax 12.0141325 lse 13.8701595273 target_logit nan
[head_hidden] rank 1 step 50: f6403d8705334052 length 8
[prefill_tf] rank 1 step 51: target 304 argmax 43722 lmax 13.9228973 lse 14.9327174183 target_logit nan
[head_hidden] rank 1 step 51: c8b3a7f9002ae42e length 17
[prefill_tf] rank 1 step 52: target 75344 argmax 69109 lmax 13.9251642 lse 14.9015238843 target_logit 10.3582945
[head_hidden] rank 1 step 52: dad3dfe160fb3385 length 64
[prefill_tf] rank 1 step 53: target 8231 argmax 58028 lmax 12.42027 lse 13.4320048838 target_logit nan
[head_hidden] rank 1 step 53: ffddb13e296d9abb length 129
[prefill_tf] rank 1 step 54: target 817 argmax 54535 lmax 8.84434605 lse 12.4624042369 target_logit nan
[head_hidden] rank 1 step 54: 7c7b0d7b061b923c length 257
[prefill_tf] rank 1 step 55: target 17 argmax 69942 lmax 10.176013 lse 11.7527625793 target_logit nan
[head_hidden] rank 1 step 55: 7bd6a2b7542ca9b3 length 1024
[prefill_tf] rank 1 step 56: target 3039 argmax 48551 lmax 3.66627669 lse 10.9695062783 target_logit nan
[head_hidden] rank 1 step 56: 420bd4e90e84c20c length 1
[prefill_tf] rank 1 step 57: target 26 argmax 54864 lmax 10.0902615 lse 12.3061551981 target_logit nan
[head_hidden] rank 1 step 57: 60df6edffa4631db length 4
[prefill_tf] rank 1 step 58: target 1787 argmax 62017 lmax 12.466424 lse 14.1934034842 target_logit nan
[head_hidden] rank 1 step 58: e726b390823ab9e7 length 8
[prefill_tf] rank 1 step 59: target 16 argmax 45824 lmax 14.7345924 lse 15.6757432163 target_logit nan
[head_hidden] rank 1 step 59: 663bba9f68549c02 length 17
[prefill_tf] rank 1 step 60: target 13 argmax 72599 lmax 16.3865814 lse 16.7237265512 target_logit nan
[head_hidden] rank 1 step 60: f8ea295e8a808481 length 64
[prefill_tf] rank 1 step 61: target 825 argmax 44207 lmax 13.6206779 lse 15.0982448811 target_logit nan
[head_hidden] rank 1 step 61: 5534d774e3f2c174 length 129
[prefill_tf] rank 1 step 62: target 7781 argmax 71488 lmax 23.7000523 lse 23.7183095809 target_logit nan
[head_hidden] rank 1 step 62: f8439d9f48d50e44 length 257
[prefill_tf] rank 1 step 63: target 67515 argmax 67515 lmax 25.6764851 lse 25.678671342 target_logit 25.6764851
[head_hidden] rank 1 step 63: c5f14bc9eea6c096 length 1024
[prefill_tf] rank 1 step 64: target 25340 argmax 45100 lmax 3.46284771 lse 10.9819159791 target_logit nan
[head_hidden] rank 1 step 64: 38c8b4ceca01b0c8 length 1
[prefill_tf] rank 1 step 65: target 267 argmax 63251 lmax 9.97692108 lse 13.1688751041 target_logit nan
[head_hidden] rank 1 step 65: a25a1846623fce2f length 4
[prefill_tf] rank 1 step 66: target 13 argmax 50277 lmax 9.40582275 lse 12.6242401976 target_logit nan
[head_hidden] rank 1 step 66: 09e1aafca63d70b6 length 8
[prefill_tf] rank 1 step 67: target 12 argmax 55798 lmax 13.3079462 lse 14.2502897666 target_logit nan
[head_hidden] rank 1 step 67: e44f3f00bc93f229 length 17
[prefill_tf] rank 1 step 68: target 11 argmax 43098 lmax 12.8910971 lse 13.5265450885 target_logit nan
[head_hidden] rank 1 step 68: bbe76527216da6a8 length 64
[prefill_tf] rank 1 step 69: target 628 argmax 50006 lmax 15.8706408 lse 16.23781848 target_logit nan
[head_hidden] rank 1 step 69: 8ce9caa4ec15b172 length 129
[prefill_tf] rank 1 step 70: target 432 argmax 56811 lmax 9.77952099 lse 11.0399355951 target_logit nan
[head_hidden] rank 1 step 70: fb304d7e83b29f3d length 257
[prefill_tf] rank 1 step 71: target 198 argmax 38772 lmax 11.2822866 lse 12.3398088759 target_logit nan
[head_hidden] rank 1 step 71: eee09b965bd4c841 length 1024
[prefill_tf] rank 1 step 72: target 10835 argmax 48551 lmax 3.5243609 lse 10.9679406861 target_logit nan
[head_hidden] rank 1 step 72: d4cc365ef523b822 length 1
[prefill_tf] rank 1 step 73: target 566 argmax 39975 lmax 10.6689091 lse 13.6539757297 target_logit nan
[head_hidden] rank 1 step 73: 54abb0b4b8472ae9 length 4
[prefill_tf] rank 1 step 74: target 12220 argmax 38620 lmax 13.204896 lse 14.4976146875 target_logit nan
[head_hidden] rank 1 step 74: ba8223c31209f6ca length 8
[prefill_tf] rank 1 step 75: target 50117 argmax 50117 lmax 22.0701618 lse 22.0705215408 target_logit 22.0701618
[head_hidden] rank 1 step 75: eb4b68d853aa8e8b length 17
[prefill_tf] rank 1 step 76: target 10516 argmax 57648 lmax 15.3095951 lse 15.885860285 target_logit nan
[head_hidden] rank 1 step 76: aa63676804234580 length 64
[prefill_tf] rank 1 step 77: target 7040 argmax 44290 lmax 11.964736 lse 13.5486667037 target_logit nan
[head_hidden] rank 1 step 77: c927c91744b255ac length 129
[prefill_tf] rank 1 step 78: target 304 argmax 43863 lmax 17.8300724 lse 17.983545509 target_logit nan
[head_hidden] rank 1 step 78: 0287eb8a89a353fb length 257
[prefill_tf] rank 1 step 79: target 47583 argmax 47583 lmax 30.849268 lse 30.8492685232 target_logit 30.849268
[head_hidden] rank 1 step 79: 18280ac31618cea4 length 1024
[prefill_tf] rank 1 step 80: target 11641 argmax 48551 lmax 3.30823994 lse 10.8532572113 target_logit nan
[head_hidden] rank 1 step 80: f2cd33ba923726e2 length 1
[prefill_tf] rank 1 step 81: target 782 argmax 57056 lmax 9.42071152 lse 10.8814544027 target_logit nan
[head_hidden] rank 1 step 81: 68552d3f192929d8 length 4
[prefill_tf] rank 1 step 82: target 23866 argmax 64269 lmax 10.9574032 lse 13.1017263399 target_logit nan
[head_hidden] rank 1 step 82: 5999c426f912384c length 8
[prefill_tf] rank 1 step 83: target 3730 argmax 44003 lmax 11.9732962 lse 13.4067467644 target_logit nan
[head_hidden] rank 1 step 83: ef6c37bb0acd1ebf length 17
[prefill_tf] rank 1 step 84: target 198 argmax 38772 lmax 10.7116432 lse 13.1110384751 target_logit nan
[head_hidden] rank 1 step 84: 7c3f0f5b6365297f length 64
[prefill_tf] rank 1 step 85: target 13955 argmax 63754 lmax 13.4817009 lse 14.8341688008 target_logit nan
[head_hidden] rank 1 step 85: 9fc4eb04437321a2 length 129
[prefill_tf] rank 1 step 86: target 7347 argmax 45119 lmax 12.022316 lse 13.3799812107 target_logit nan
[head_hidden] rank 1 step 86: d2b22f92742a2b27 length 257
[prefill_tf] rank 1 step 87: target 5454 argmax 50849 lmax 14.9267263 lse 15.5030150797 target_logit nan
[head_hidden] rank 1 step 87: 314bfb2da922d9ca length 1024
[prefill_tf] rank 1 step 88: target 1990 argmax 45100 lmax 3.27767205 lse 10.9062687918 target_logit nan
[head_hidden] rank 1 step 88: 31b0ba8db523b06e length 1
[prefill_tf] rank 1 step 89: target 438 argmax 55737 lmax 10.7104702 lse 13.3249364017 target_logit nan
[head_hidden] rank 1 step 89: 880fbaeecafb44bb length 4
[prefill_tf] rank 1 step 90: target 2251 argmax 56285 lmax 10.6522341 lse 11.8181319453 target_logit nan
[head_hidden] rank 1 step 90: 6495f1516dd40346 length 8
[prefill_tf] rank 1 step 91: target 311 argmax 67242 lmax 11.7295132 lse 14.0787242966 target_logit nan
[head_hidden] rank 1 step 91: 13c419a8d301e45c length 17
[prefill_tf] rank 1 step 92: target 8224 argmax 71678 lmax 13.3925762 lse 14.3862836513 target_logit nan
[head_hidden] rank 1 step 92: cd985544efe552c8 length 64
[prefill_tf] rank 1 step 93: target 3198 argmax 64194 lmax 17.2807083 lse 17.337439834 target_logit nan
[head_hidden] rank 1 step 93: 9fd636f77cb46dd8 length 129
[prefill_tf] rank 1 step 94: target 2308 argmax 51122 lmax 12.8007727 lse 14.5387332259 target_logit nan
[head_hidden] rank 1 step 94: adc2062f11b08537 length 257
[prefill_tf] rank 1 step 95: target 10333 argmax 46105 lmax 12.4618664 lse 14.4590807747 target_logit nan
[head_hidden] rank 1 step 95: 083e49e3df6cfa28 length 1024
[prefill_tf] rank 1 step 96: target 40 argmax 45100 lmax 3.39638448 lse 10.9779637533 target_logit nan
[head_hidden] rank 1 step 96: d28f37392019bcd7 length 1
[prefill_tf] rank 1 step 97: target 1084 argmax 58853 lmax 11.9680557 lse 14.0436028788 target_logit nan
[head_hidden] rank 1 step 97: 93f1982ce78d9dab length 4
[prefill_tf] rank 1 step 98: target 350 argmax 46493 lmax 9.78006744 lse 13.6992745116 target_logit nan
[head_hidden] rank 1 step 98: 039fc75cf38850f8 length 8
[prefill_tf] rank 1 step 99: target 19759 argmax 41105 lmax 12.4192924 lse 13.3219838157 target_logit nan
[head_hidden] rank 1 step 99: a77b6678f5642593 length 17
[prefill_tf] rank 1 step 100: target 686 argmax 73913 lmax 13.0129547 lse 13.8853511134 target_logit nan
[head_hidden] rank 1 step 100: 52f3de3b946e4914 length 64
[prefill_tf] rank 1 step 101: target 3070 argmax 50748 lmax 11.9379845 lse 13.5230067112 target_logit nan
[head_hidden] rank 1 step 101: 1389fe9734c2ee6f length 129
[prefill_tf] rank 1 step 102: target 6993 argmax 66226 lmax 16.106636 lse 16.137842208 target_logit nan
[head_hidden] rank 1 step 102: a5d42662b4391463 length 257
[prefill_tf] rank 1 step 103: target 32559 argmax 38025 lmax 15.669301 lse 16.2268989253 target_logit nan
[head_hidden] rank 1 step 103: b764b6c26adbd160 length 1024
[prefill_tf] rank 1 step 104: target 264 argmax 48551 lmax 3.47419405 lse 10.9864748217 target_logit nan
[head_hidden] rank 1 step 104: a7809d9f8d3a228a length 1
[prefill_tf] rank 1 step 105: target 480 argmax 41803 lmax 11.7146053 lse 13.6562421491 target_logit nan
[head_hidden] rank 1 step 105: 7da778c46a6029cf length 4
[prefill_tf] rank 1 step 106: target 1142 argmax 38278 lmax 13.3711472 lse 14.4813591125 target_logit nan
[head_hidden] rank 1 step 106: e4b308549a64bbcc length 8
[prefill_tf] rank 1 step 107: target 12 argmax 72047 lmax 15.5215416 lse 16.49113318 target_logit nan
[head_hidden] rank 1 step 107: 08765c80e2fafd87 length 17
[prefill_tf] rank 1 step 108: target 374 argmax 50266 lmax 15.135416 lse 15.7711663744 target_logit nan
[head_hidden] rank 1 step 108: e6a88dda8e995f8c length 64
[prefill_tf] rank 1 step 109: target 126293 argmax 54322 lmax 9.22076321 lse 10.8257977771 target_logit nan
[head_hidden] rank 1 step 109: d1a20f91e8b14213 length 129
[prefill_tf] rank 1 step 110: target 847 argmax 61064 lmax 10.8100567 lse 12.2512215131 target_logit nan
[head_hidden] rank 1 step 110: 830d368ce164cf45 length 257
[prefill_tf] rank 1 step 111: target 760 argmax 69878 lmax 11.8887434 lse 12.6239717647 target_logit nan
[head_hidden] rank 1 step 111: b5316894dac90630 length 1024
[prefill_tf] rank 1 step 112: target 702 argmax 45100 lmax 3.23743892 lse 11.0466116261 target_logit nan
[head_hidden] rank 1 step 112: f799b2695f08c705 length 1
[prefill_tf] rank 1 step 113: target 264 argmax 53546 lmax 11.4568653 lse 13.7199452734 target_logit nan
[head_hidden] rank 1 step 113: 034d6d8ff9ff1beb length 4
[prefill_tf] rank 1 step 114: target 77158 argmax 40158 lmax 15.73559 lse 16.4820725229 target_logit nan
[head_hidden] rank 1 step 114: d3cc2f24ae0b3b59 length 8
[prefill_tf] rank 1 step 115: target 432 argmax 59933 lmax 6.76835537 lse 10.2081793451 target_logit nan
[head_hidden] rank 1 step 115: 3e017baa50f43caf length 17
[prefill_tf] rank 1 step 116: target 806 argmax 71730 lmax 8.69388866 lse 10.7537681984 target_logit nan
[head_hidden] rank 1 step 116: 5aa179e40b821b8b length 64
[prefill_tf] rank 1 step 117: target 30610 argmax 46131 lmax 20.4424019 lse 20.7048379755 target_logit nan
[head_hidden] rank 1 step 117: 997b1528f50f188b length 129
[prefill_tf] rank 1 step 118: target 44863 argmax 44863 lmax 30.6864433 lse 30.686700852 target_logit 30.6864433
[head_hidden] rank 1 step 118: 4183a56579d6236a length 257
[prefill_tf] rank 1 step 119: target 285 argmax 62130 lmax 13.347084 lse 14.3904877037 target_logit nan
[head_hidden] rank 1 step 119: a0424dda952033f5 length 1024
[prefill_tf] rank 1 step 120: target 518 argmax 45100 lmax 3.37586832 lse 11.0164615238 target_logit nan
[head_hidden] rank 1 step 120: 9942595c2be1d461 length 1
[prefill_tf] rank 1 step 121: target 405 argmax 65714 lmax 10.7183666 lse 13.1837587112 target_logit nan
[head_hidden] rank 1 step 121: 56c186cb8a294d8b length 4
[prefill_tf] rank 1 step 122: target 11499 argmax 40007 lmax 11.8653154 lse 14.5987505871 target_logit nan
[head_hidden] rank 1 step 122: 5b60e603b3dbe4c2 length 8
[prefill_tf] rank 1 step 123: target 8569 argmax 50289 lmax 11.5585079 lse 12.550225087 target_logit nan
[head_hidden] rank 1 step 123: d3e9fbee3b80e047 length 17
[prefill_tf] rank 1 step 124: target 9762 argmax 40255 lmax 18.723177 lse 18.8967904493 target_logit nan
[head_hidden] rank 1 step 124: a800a9df5c1d39a8 length 64
[prefill_tf] rank 1 step 125: target 11 argmax 54378 lmax 14.601058 lse 15.2106135015 target_logit nan
[head_hidden] rank 1 step 125: 37c8d393f362b721 length 129
[prefill_tf] rank 1 step 126: target 13 argmax 53406 lmax 13.3705101 lse 14.3352240918 target_logit nan
[head_hidden] rank 1 step 126: 843327f68b5aefc5 length 257
[prefill_tf] rank 1 step 127: target 279 argmax 46623 lmax 10.7676525 lse 13.1552682244 target_logit nan
[head_hidden] rank 1 step 127: 7fdb8af0a1a88633 length 1024
[prefill_tf] rank 1 step 128: target 280 argmax 45100 lmax 3.31069541 lse 10.9537476107 target_logit nan
[head_hidden] rank 1 step 128: ed60ec44285fd8b1 length 1
[prefill_tf] rank 1 step 129: target 5863 argmax 46517 lmax 12.2210617 lse 13.0719923744 target_logit nan
[head_hidden] rank 1 step 129: e1d5fb4e5f34cfd9 length 4
[prefill_tf] rank 1 step 130: target 3468 argmax 57564 lmax 9.95917702 lse 12.8532817211 target_logit nan
[head_hidden] rank 1 step 130: 3100a88d8f2d8d83 length 8
[prefill_tf] rank 1 step 131: target 421 argmax 44014 lmax 12.4329844 lse 13.9758639362 target_logit nan
[head_hidden] rank 1 step 131: 601547460a07f0ca length 17
[prefill_tf] rank 1 step 132: target 1959 argmax 63062 lmax 11.430213 lse 13.4470284003 target_logit nan
[head_hidden] rank 1 step 132: d0de7950c0e18afa length 64
[prefill_tf] rank 1 step 133: target 6668 argmax 63308 lmax 15.032465 lse 15.4698803236 target_logit nan
[head_hidden] rank 1 step 133: 58792de058145592 length 129
[prefill_tf] rank 1 step 134: target 220 argmax 48742 lmax 11.255537 lse 13.4494599182 target_logit nan
[head_hidden] rank 1 step 134: f1c54e42b59ee95a length 257
[prefill_tf] rank 1 step 135: target 2879 argmax 47814 lmax 16.7089405 lse 16.7791074915 target_logit nan
[head_hidden] rank 1 step 135: 3c1971adc04a627d length 1024
[prefill_tf] rank 1 step 136: target 272 argmax 45100 lmax 3.34496856 lse 11.0043894344 target_logit nan
[head_hidden] rank 1 step 136: 46c5deb70af1d284 length 1
[prefill_tf] rank 1 step 137: target 264 argmax 39500 lmax 12.5924606 lse 14.2901747507 target_logit nan
[head_hidden] rank 1 step 137: d8230ce4fdc04f6b length 4
[prefill_tf] rank 1 step 138: target 6172 argmax 64208 lmax 13.8789663 lse 15.0028617167 target_logit nan
[head_hidden] rank 1 step 138: bb0cf2e5e3816ac9 length 8
[prefill_tf] rank 1 step 139: target 8038 argmax 47151 lmax 12.2582569 lse 13.4129016835 target_logit nan
[head_hidden] rank 1 step 139: d7eca8a6a1d07558 length 17
[prefill_tf] rank 1 step 140: target 1697 argmax 50113 lmax 12.707818 lse 13.9949035653 target_logit nan
[head_hidden] rank 1 step 140: e35a0939b48bf9d6 length 64
[prefill_tf] rank 1 step 141: target 358 argmax 45042 lmax 10.1680737 lse 11.4009248031 target_logit nan
[head_hidden] rank 1 step 141: 2c6ab018245c6bde length 129
[prefill_tf] rank 1 step 142: target 45273 argmax 59504 lmax 12.9808388 lse 15.0466351223 target_logit 11.3876839
[head_hidden] rank 1 step 142: aa0aad8b1ed7f836 length 257
[prefill_tf] rank 1 step 143: target 13905 argmax 61168 lmax 15.0889387 lse 16.146023079 target_logit nan
[head_hidden] rank 1 step 143: 905d110b113bc97b length 1024
[prefill_tf] rank 1 step 144: target 44498 argmax 48551 lmax 3.27811146 lse 10.9978380481 target_logit -0.866173029
[head_hidden] rank 1 step 144: 3246130b465c6283 length 1
[prefill_tf] rank 1 step 145: target 518 argmax 41367 lmax 12.001626 lse 14.7977745474 target_logit nan
[head_hidden] rank 1 step 145: ea15350f7d68e8b9 length 4
[prefill_tf] rank 1 step 146: target 525 argmax 55400 lmax 8.23119736 lse 12.3106851852 target_logit nan
[head_hidden] rank 1 step 146: 0e26bc70b9c391c5 length 8
[prefill_tf] rank 1 step 147: target 3593 argmax 49543 lmax 12.1398592 lse 13.3388858728 target_logit nan
[head_hidden] rank 1 step 147: 5e63b1a37aea8a50 length 17
[prefill_tf] rank 1 step 148: target 33 argmax 73628 lmax 13.6974831 lse 13.9138278892 target_logit nan
[head_hidden] rank 1 step 148: c8f7d85b3522f229 length 64
[prefill_tf] rank 1 step 149: target 320 argmax 52031 lmax 13.3621807 lse 14.5588462981 target_logit nan
[head_hidden] rank 1 step 149: 520c7a44d1c03543 length 129
[prefill_tf] rank 1 step 150: target 432 argmax 73817 lmax 10.2966595 lse 12.4359998965 target_logit nan
[head_hidden] rank 1 step 150: 9453fcaef089fe81 length 257
[prefill_tf] rank 1 step 151: target 49695 argmax 42437 lmax 14.1798229 lse 15.1084289695 target_logit 7.47288561
[head_hidden] rank 1 step 151: 47bc7d2d7b8500b1 length 1024
[prefill_tf] rank 1 step 152: target 12 argmax 45100 lmax 3.37678766 lse 10.9874546004 target_logit nan
[head_hidden] rank 1 step 152: f3e02236db740dea length 1
[prefill_tf] rank 1 step 153: target 1730 argmax 38518 lmax 11.2056122 lse 13.8389222917 target_logit nan
[head_hidden] rank 1 step 153: a0c59b21198e0fa3 length 4
[prefill_tf] rank 1 step 154: target 432 argmax 56968 lmax 6.57343721 lse 10.1264441251 target_logit nan
[head_hidden] rank 1 step 154: 64c7e8e4096d181a length 8
[prefill_tf] rank 1 step 155: target 17 argmax 66904 lmax 7.09457064 lse 10.3567611357 target_logit nan
[head_hidden] rank 1 step 155: 29fa7556dc5d4163 length 17
[prefill_tf] rank 1 step 156: target 1959 argmax 60242 lmax 15.2088022 lse 15.4060377268 target_logit nan
[head_hidden] rank 1 step 156: 5319ebc888e54528 length 64
[prefill_tf] rank 1 step 157: target 11 argmax 54831 lmax 11.2344036 lse 13.3423053205 target_logit nan
[head_hidden] rank 1 step 157: c8f5d96f7e41e59f length 129
[prefill_tf] rank 1 step 158: target 17996 argmax 59275 lmax 15.6885986 lse 16.9303922178 target_logit nan
[head_hidden] rank 1 step 158: f33d222be2b4c82c length 257
[prefill_tf] rank 1 step 159: target 832 argmax 50788 lmax 14.239418 lse 15.3038513447 target_logit nan
[head_hidden] rank 1 step 159: 4f438684f7d6298f length 1024
[prefill_tf] rank 1 step 160: target 4599 argmax 45100 lmax 3.18586802 lse 11.012436583 target_logit nan
[head_hidden] rank 1 step 160: ce61ede7455df716 length 1
[prefill_tf] rank 1 step 161: target 279 argmax 47853 lmax 9.74642563 lse 12.5641184974 target_logit nan
[head_hidden] rank 1 step 161: 4aa4954b32b4db9f length 4
[prefill_tf] rank 1 step 162: target 28748 argmax 41485 lmax 10.979332 lse 13.539342662 target_logit nan
[head_hidden] rank 1 step 162: 3c85e9b688b8753e length 8
[prefill_tf] rank 1 step 163: target 806 argmax 38076 lmax 8.02980804 lse 10.9399158552 target_logit nan
[head_hidden] rank 1 step 163: 0d497d69578e43ab length 17
[prefill_tf] rank 1 step 164: target 3166 argmax 60897 lmax 10.3478947 lse 12.0138985434 target_logit nan
[head_hidden] rank 1 step 164: c597f739bb7c25cd length 64
[prefill_tf] rank 1 step 165: target 279 argmax 39605 lmax 10.2153082 lse 11.4525912042 target_logit nan
[head_hidden] rank 1 step 165: 6311fe65ac94d562 length 129
[prefill_tf] rank 1 step 166: target 374 argmax 50368 lmax 16.656332 lse 16.6710865802 target_logit nan
[head_hidden] rank 1 step 166: 953389391e0a6473 length 257
[prefill_tf] rank 1 step 167: target 304 argmax 63754 lmax 13.8167324 lse 14.9920068902 target_logit nan
[head_hidden] rank 1 step 167: e5f9dc332f729978 length 1024
[prefill_tf] rank 1 step 168: target 8710 argmax 48551 lmax 3.32944036 lse 10.8555485908 target_logit nan
[head_hidden] rank 1 step 168: 85588b51f5edef10 length 1
[prefill_tf] rank 1 step 169: target 20 argmax 39350 lmax 10.8262024 lse 13.0320582156 target_logit nan
[head_hidden] rank 1 step 169: 90843d8c998ff9c1 length 4
[prefill_tf] rank 1 step 170: target 315 argmax 41062 lmax 7.35721111 lse 10.5038959806 target_logit nan
[head_hidden] rank 1 step 170: aaf8611ef3fb01a0 length 8
[prefill_tf] rank 1 step 171: target 279 argmax 58558 lmax 8.10899353 lse 10.5530933769 target_logit nan
[head_hidden] rank 1 step 171: 92154b32a480a139 length 17
[prefill_tf] rank 1 step 172: target 3795 argmax 59176 lmax 15.4954424 lse 17.1385270006 target_logit nan
[head_hidden] rank 1 step 172: 22400cae1ac9d39c length 64
[prefill_tf] rank 1 step 173: target 279 argmax 50025 lmax 13.0249147 lse 13.679185713 target_logit nan
[head_hidden] rank 1 step 173: 09fe5f5ba4e3ba60 length 129
[prefill_tf] rank 1 step 174: target 55101 argmax 60045 lmax 12.380723 lse 14.7810835942 target_logit 11.7872505
[head_hidden] rank 1 step 174: a6ed2d3f25ab95b5 length 257
[prefill_tf] rank 1 step 175: target 76 argmax 51575 lmax 15.4951296 lse 16.8859881626 target_logit nan
[head_hidden] rank 1 step 175: 44374e3fe0d9a8af length 1024
[prefill_tf] rank 1 step 176: target 323 argmax 48551 lmax 3.50332117 lse 10.9613446306 target_logit nan
[head_hidden] rank 1 step 176: 797353474eb8b788 length 1
[prefill_tf] rank 1 step 177: target 13905 argmax 63062 lmax 10.6886787 lse 12.5241704754 target_logit nan
[head_hidden] rank 1 step 177: 4d12de58eec6fceb length 4
[prefill_tf] rank 1 step 178: target 3753 argmax 51035 lmax 13.0455027 lse 14.3809563753 target_logit nan
[head_hidden] rank 1 step 178: 34bac5c347225082 length 8
[prefill_tf] rank 1 step 179: target 1526 argmax 72433 lmax 11.7579679 lse 13.6857211755 target_logit nan
[head_hidden] rank 1 step 179: b1764087e0e17667 length 17
[prefill_tf] rank 1 step 180: target 13 argmax 47814 lmax 13.8540392 lse 14.1564346234 target_logit nan
[head_hidden] rank 1 step 180: 7239e3b5ebf78677 length 64
[prefill_tf] rank 1 step 181: target 2041 argmax 38522 lmax 12.5516243 lse 13.4090844079 target_logit nan
[head_hidden] rank 1 step 181: fa427f159c0521ec length 129
[prefill_tf] rank 1 step 182: target 13 argmax 62471 lmax 17.8989544 lse 18.2868507929 target_logit nan
[head_hidden] rank 1 step 182: 1968715ddc12c752 length 257
[prefill_tf] rank 1 step 183: target 26346 argmax 48987 lmax 10.9993467 lse 14.0224440341 target_logit nan
[head_hidden] rank 1 step 183: e0d441c9a46d973b length 1024
[prefill_tf] rank 1 step 184: target 13021 argmax 45100 lmax 3.26851034 lse 11.0334884179 target_logit nan
[head_hidden] rank 1 step 184: 6554b45c180f7db2 length 1
[prefill_tf] rank 1 step 185: target 198 argmax 61188 lmax 13.7667217 lse 15.1603438839 target_logit nan
[head_hidden] rank 1 step 185: 8088c5c77d0ac2bc length 4
[prefill_tf] rank 1 step 186: target 5454 argmax 50849 lmax 11.9295883 lse 13.0282727445 target_logit nan
[head_hidden] rank 1 step 186: 8970c304e442b631 length 8
[prefill_tf] rank 1 step 187: target 109295 argmax 43964 lmax 12.7114429 lse 13.9965234088 target_logit nan
[head_hidden] rank 1 step 187: 26abbd1a171ca1c8 length 17
[prefill_tf] rank 1 step 188: target 16609 argmax 53406 lmax 11.7632275 lse 13.5545322465 target_logit nan
[head_hidden] rank 1 step 188: 63f6564557c5e2e3 length 64
[prefill_tf] rank 1 step 189: target 2073 argmax 57301 lmax 12.8831978 lse 13.5132135589 target_logit nan
[head_hidden] rank 1 step 189: 93dfe50507644895 length 129
[prefill_tf] rank 1 step 190: target 69119 argmax 69119 lmax 29.3678875 lse 29.3679623453 target_logit 29.3678875
[head_hidden] rank 1 step 190: a2c9ca2813046a93 length 257
[prefill_tf] rank 1 step 191: target 86491 argmax 43500 lmax 15.8019018 lse 16.2030818063 target_logit nan
[head_hidden] rank 1 step 191: a68e2d28c8c68547 length 1024
[prefill_tf] rank 1 step 192: target 6605 argmax 45100 lmax 3.32052422 lse 11.024268466 target_logit nan
[head_hidden] rank 1 step 192: c3384234dcbf22c1 length 1
[prefill_tf] rank 1 step 193: target 315 argmax 47077 lmax 10.6536922 lse 12.8205007394 target_logit nan
[head_hidden] rank 1 step 193: acdbd8169d1b3097 length 4
[prefill_tf] rank 1 step 194: target 14387 argmax 51014 lmax 11.9741316 lse 13.4115666199 target_logit nan
[head_hidden] rank 1 step 194: 6fb51e1f94fbc835 length 8
[prefill_tf] rank 1 step 195: target 7077 argmax 63754 lmax 13.3507338 lse 14.4469784927 target_logit nan
[head_hidden] rank 1 step 195: e5c9d5f5e29a88ff length 17
[prefill_tf] rank 1 step 196: target 7077 argmax 55588 lmax 12.2440367 lse 13.5273045295 target_logit nan
[head_hidden] rank 1 step 196: c362a343d2dd86b1 length 64
[prefill_tf] rank 1 step 197: target 3795 argmax 59176 lmax 16.3687706 lse 17.6787783004 target_logit nan
[head_hidden] rank 1 step 197: f5fa69c2d8648549 length 129
[prefill_tf] rank 1 step 198: target 10163 argmax 48570 lmax 10.9227676 lse 12.3816157035 target_logit nan
[head_hidden] rank 1 step 198: 7876280d2f7c8154 length 257
[prefill_tf] rank 1 step 199: target 2221 argmax 46263 lmax 8.73051262 lse 11.1936282401 target_logit nan
[head_hidden] rank 1 step 199: ac6c61b61840f6e6 length 1024
[prefill_tf] rank 1 step 200: target 3600 argmax 45100 lmax 3.46262288 lse 10.9489139927 target_logit nan
[head_hidden] rank 1 step 200: 4d9aa9a839ff7acb length 1
[prefill_tf] rank 1 step 201: target 379 argmax 42217 lmax 16.4393139 lse 16.8456139212 target_logit nan
[head_hidden] rank 1 step 201: d88d19d7799dc92c length 4
[prefill_tf] rank 1 step 202: target 14 argmax 55223 lmax 10.4351807 lse 11.678747798 target_logit nan
[head_hidden] rank 1 step 202: 4d3b9532865861f8 length 8
[prefill_tf] rank 1 step 203: target 17212 argmax 41618 lmax 16.0910339 lse 16.8543318433 target_logit nan
[head_hidden] rank 1 step 203: da051eb3fcbe1e0c length 17
[prefill_tf] rank 1 step 204: target 279 argmax 65517 lmax 9.64626408 lse 11.8572801123 target_logit nan
[head_hidden] rank 1 step 204: 674dcb7621e70436 length 64
[prefill_tf] rank 1 step 205: target 1091 argmax 53437 lmax 15.3478489 lse 15.3961327558 target_logit nan
[head_hidden] rank 1 step 205: 1b85405d7ba0038f length 129
[prefill_tf] rank 1 step 206: target 448 argmax 46658 lmax 11.9781199 lse 12.9711134773 target_logit nan
[head_hidden] rank 1 step 206: 566448aa3477b44b length 257
[prefill_tf] rank 1 step 207: target 8472 argmax 42154 lmax 13.5382614 lse 15.488981589 target_logit nan
[head_hidden] rank 1 step 207: 2893b5c483d94e68 length 1024
[prefill_tf] rank 1 step 208: target 220 argmax 45100 lmax 3.08847666 lse 11.0309873993 target_logit nan
[head_hidden] rank 1 step 208: 6d8946ecbe5066ce length 1
[prefill_tf] rank 1 step 209: target 2073 argmax 48913 lmax 9.75630665 lse 12.093702071 target_logit nan
[head_hidden] rank 1 step 209: 3c058aa431a9cc0f length 4
[prefill_tf] rank 1 step 210: target 69252 argmax 69252 lmax 27.96978 lse 27.9697941594 target_logit 27.96978
[head_hidden] rank 1 step 210: 058f4b2efca9a996 length 8
[prefill_tf] rank 1 step 211: target 11 argmax 71585 lmax 12.859129 lse 13.1759817911 target_logit nan
[head_hidden] rank 1 step 211: 852f744b97d6e7fe length 17
[prefill_tf] rank 1 step 212: target 54750 argmax 54750 lmax 21.258709 lse 21.2838692457 target_logit 21.258709
[head_hidden] rank 1 step 212: 7549c325bed7903e length 64
[prefill_tf] rank 1 step 213: target 279 argmax 55178 lmax 16.9774818 lse 17.0036591182 target_logit nan
[head_hidden] rank 1 step 213: 3a1a7fef8d86df35 length 129
[prefill_tf] rank 1 step 214: target 9245 argmax 63308 lmax 8.84666824 lse 11.7686095104 target_logit nan
[head_hidden] rank 1 step 214: b1522e71d7a48fa8 length 257
[prefill_tf] rank 1 step 215: target 697 argmax 53833 lmax 11.300211 lse 12.0071934011 target_logit nan
[head_hidden] rank 1 step 215: 39a124b670e95d02 length 1024
[prefill_tf] rank 1 step 216: target 11 argmax 45100 lmax 3.18551517 lse 11.0071198992 target_logit nan
[head_hidden] rank 1 step 216: 3047add47ad8e5eb length 1
[prefill_tf] rank 1 step 217: target 323 argmax 41831 lmax 10.7387829 lse 12.796438334 target_logit nan
[head_hidden] rank 1 step 217: 940a5df45f92ad36 length 4
[prefill_tf] rank 1 step 218: target 702 argmax 65037 lmax 14.3231926 lse 15.4544603697 target_logit nan
[head_hidden] rank 1 step 218: 8003201f4bdf7110 length 8
[prefill_tf] rank 1 step 219: target 220 argmax 43064 lmax 10.3865032 lse 12.8065571869 target_logit nan
[head_hidden] rank 1 step 219: 14abbb3db4803fe9 length 17
[prefill_tf] rank 1 step 220: target 566 argmax 59894 lmax 15.6661377 lse 15.6912211618 target_logit nan
[head_hidden] rank 1 step 220: e232f595cd10c809 length 64
[prefill_tf] rank 1 step 221: target 760 argmax 55588 lmax 10.3631992 lse 12.4837329608 target_logit nan
[head_hidden] rank 1 step 221: 78ac723fb9ad9c55 length 129
[prefill_tf] rank 1 step 222: target 16609 argmax 39295 lmax 11.7305384 lse 13.3514712158 target_logit nan
[head_hidden] rank 1 step 222: ca9442b7f9a1c190 length 257
[prefill_tf] rank 1 step 223: target 4452 argmax 39840 lmax 11.08426 lse 12.8062887029 target_logit nan
[head_hidden] rank 1 step 223: 3ebb6e5125eb302f length 1024
[prefill_tf] rank 1 step 224: target 22137 argmax 45100 lmax 3.23718739 lse 11.0342835899 target_logit nan
[head_hidden] rank 1 step 224: 4f15736c070261dc length 1
[prefill_tf] rank 1 step 225: target 82 argmax 44087 lmax 14.443121 lse 14.7125140647 target_logit nan
[head_hidden] rank 1 step 225: 78387ebdc853e50a length 4
[prefill_tf] rank 1 step 226: target 752 argmax 49114 lmax 10.0141068 lse 12.922703339 target_logit nan
[head_hidden] rank 1 step 226: e7f21985272833df length 8
[prefill_tf] rank 1 step 227: target 71116 argmax 40973 lmax 9.32503605 lse 12.6914524668 target_logit 4.18941498
[head_hidden] rank 1 step 227: f0e9ca349862bfcd length 17
[prefill_tf] rank 1 step 228: target 264 argmax 65589 lmax 13.015419 lse 14.1408120105 target_logit nan
[head_hidden] rank 1 step 228: 03793034b504e3c0 length 64
[prefill_tf] rank 1 step 229: target 429 argmax 48184 lmax 9.54527855 lse 11.7744126984 target_logit nan
[head_hidden] rank 1 step 229: 63c9ee14630eae8c length 129
[prefill_tf] rank 1 step 230: target 8568 argmax 60242 lmax 10.9021339 lse 13.3471948345 target_logit nan
[head_hidden] rank 1 step 230: a7de81e12a88d4d4 length 257
[prefill_tf] rank 1 step 231: target 26272 argmax 45500 lmax 20.1525745 lse 20.2461095906 target_logit nan
[head_hidden] rank 1 step 231: b648a3ef87a1be14 length 1024
[prefill_tf] rank 1 step 232: target 11 argmax 45100 lmax 3.37094879 lse 11.0033768218 target_logit nan
[head_hidden] rank 1 step 232: 26a1075c1b029c24 length 1
[prefill_tf] rank 1 step 233: target 21698 argmax 74536 lmax 9.45534515 lse 13.3359656618 target_logit nan
[head_hidden] rank 1 step 233: 4750a4814a4b3c8d length 4
[prefill_tf] rank 1 step 234: target 50804 argmax 52749 lmax 9.37321472 lse 12.1085842632 target_logit 0.346096069
[head_hidden] rank 1 step 234: ccf0aa841b7b526c length 8
[prefill_tf] rank 1 step 235: target 785 argmax 46485 lmax 13.2561455 lse 14.8027272022 target_logit nan
[head_hidden] rank 1 step 235: ea888bc0af99883f length 17
[prefill_tf] rank 1 step 236: target 17 argmax 44403 lmax 8.65258026 lse 10.7008780863 target_logit nan
[head_hidden] rank 1 step 236: eb0c81048e205e1d length 64
[prefill_tf] rank 1 step 237: target 11 argmax 49238 lmax 13.5417013 lse 14.5312653169 target_logit nan
[head_hidden] rank 1 step 237: b1ff5051ae437181 length 129
[prefill_tf] rank 1 step 238: target 825 argmax 52370 lmax 11.4767294 lse 12.5215981263 target_logit nan
[head_hidden] rank 1 step 238: 7ba899d9b37546f3 length 257
[prefill_tf] rank 1 step 239: target 12515 argmax 55203 lmax 12.6608829 lse 14.4306267335 target_logit nan
[head_hidden] rank 1 step 239: f20a6de3f3f6cb4d length 1024
[prefill_tf] rank 1 step 240: target 6738 argmax 48551 lmax 3.42436481 lse 11.0229357637 target_logit nan
[head_hidden] rank 1 step 240: f832002ec159ff95 length 1
[prefill_tf] rank 1 step 241: target 6006 argmax 44615 lmax 9.82085419 lse 12.811369552 target_logit nan
[head_hidden] rank 1 step 241: 98e876143b6d5f6e length 4
[prefill_tf] rank 1 step 242: target 1815 argmax 52348 lmax 10.5512552 lse 13.083119175 target_logit nan
[head_hidden] rank 1 step 242: 097c327fc4634d66 length 8
[prefill_tf] rank 1 step 243: target 773 argmax 49526 lmax 11.1117401 lse 11.9412201608 target_logit nan
[head_hidden] rank 1 step 243: 4282a8aa6c16d168 length 17
[prefill_tf] rank 1 step 244: target 8314 argmax 43894 lmax 14.7800827 lse 15.6143411147 target_logit nan
[head_hidden] rank 1 step 244: c88bb0c2a153a3d2 length 64
[prefill_tf] rank 1 step 245: target 3624 argmax 50025 lmax 12.4289026 lse 14.314543045 target_logit nan
[head_hidden] rank 1 step 245: bbc5a21814664761 length 129
[prefill_tf] rank 1 step 246: target 5098 argmax 52937 lmax 18.6834812 lse 19.4235718254 target_logit nan
[head_hidden] rank 1 step 246: 3649a8859690a964 length 257
[prefill_tf] rank 1 step 247: target 4588 argmax 67213 lmax 15.5974722 lse 16.4664546526 target_logit nan
[head_hidden] rank 1 step 247: b6771a91df4dbbc3 length 1024
[prefill_tf] rank 1 step 248: target 21543 argmax 45100 lmax 3.40903902 lse 11.0263689802 target_logit nan
[head_hidden] rank 1 step 248: 2e2d6096ea3565ca length 1
[prefill_tf] rank 1 step 249: target 21871 argmax 45413 lmax 10.5960569 lse 12.8301465422 target_logit nan
[head_hidden] rank 1 step 249: c5476e7740984961 length 4
[prefill_tf] rank 1 step 250: target 18 argmax 48865 lmax 9.76452446 lse 12.4801358101 target_logit nan
[head_hidden] rank 1 step 250: 665d670c8c0385ae length 8
[prefill_tf] rank 1 step 251: target 382 argmax 47814 lmax 15.2518005 lse 15.4045433837 target_logit nan
[head_hidden] rank 1 step 251: b0257d8909297d12 length 17
[prefill_tf] rank 1 step 252: target 438 argmax 38204 lmax 11.8275719 lse 13.3162231332 target_logit nan
[head_hidden] rank 1 step 252: c464edf24775492a length 64
[prefill_tf] rank 1 step 253: target 2073 argmax 68607 lmax 13.276701 lse 14.3519585311 target_logit nan
[head_hidden] rank 1 step 253: 663b0f6756c81cad length 129
[prefill_tf] rank 1 step 254: target 3283 argmax 57019 lmax 19.5831203 lse 19.8326739543 target_logit nan
[head_hidden] rank 1 step 254: 1e40e5471c628832 length 257
[prefill_tf] rank 1 step 255: target 17 argmax 48257 lmax 14.6328011 lse 15.1832859537 target_logit nan
[head_hidden] rank 1 step 255: 906147e730c5fd9b length 1024
[prefill_tf_end] rank 1 world 4 positions 256
[head_time] rank 1 seconds 378.635586 capacity 1024
