[prefill_tf] rank 1 step 0: target 3283 argmax 45100 lmax 3.32141948 lse 10.9909903921 target_logit nan
[head_hidden] rank 1 step 0: 19e6ffe08e963aa9 length 1
[prefill_tf] rank 1 step 1: target 902 argmax 67386 lmax 10.2306681 lse 11.9055295572 target_logit nan
[head_hidden] rank 1 step 1: 565509bc1bb14c44 length 4
[prefill_tf] rank 1 step 2: target 15070 argmax 40577 lmax 11.1043701 lse 13.153408644 target_logit nan
[head_hidden] rank 1 step 2: 3881965770ffa006 length 8
[prefill_tf] rank 1 step 3: target 892 argmax 72755 lmax 13.4541407 lse 13.6875470907 target_logit nan
[head_hidden] rank 1 step 3: 7fae35334b8f378d length 17
[prefill_tf] rank 1 step 4: target 922 argmax 63344 lmax 13.4877987 lse 14.3844686768 target_logit nan
[head_hidden] rank 1 step 4: 0811d07a22a1af5a length 64
[prefill_tf] rank 1 step 5: target 3838 argmax 74548 lmax 12.3110466 lse 13.2748387172 target_logit nan
[head_hidden] rank 1 step 5: 3ee30bc7322f8414 length 129
[prefill_tf] rank 1 step 6: target 26311 argmax 42510 lmax 10.1951275 lse 13.5343155223 target_logit nan
[head_hidden] rank 1 step 6: 0b88a0d8b4c8afc8 length 257
[prefill_tf] rank 1 step 7: target 358 argmax 45042 lmax 10.0515289 lse 11.6010155696 target_logit nan
[head_hidden] rank 1 step 7: e33557137eb78c2c length 1024
[prefill_tf] rank 1 step 8: target 31052 argmax 45100 lmax 3.21069241 lse 11.0396073652 target_logit nan
[head_hidden] rank 1 step 8: 7be56ad4ca5dd177 length 1
[prefill_tf] rank 1 step 9: target 198 argmax 45451 lmax 12.2546701 lse 13.2365427438 target_logit nan
[head_hidden] rank 1 step 9: 1d220120407756b0 length 4
[prefill_tf] rank 1 step 10: target 5112 argmax 47393 lmax 15.4129772 lse 16.4002033732 target_logit nan
[head_hidden] rank 1 step 10: dee4a7bdd322b041 length 8
[prefill_tf] rank 1 step 11: target 8907 argmax 65564 lmax 14.4407501 lse 15.2915358302 target_logit nan
[head_hidden] rank 1 step 11: 4b2c6c7c24da6ac3 length 17
[prefill_tf] rank 1 step 12: target 5702 argmax 67835 lmax 12.0294065 lse 13.5617923935 target_logit nan
[head_hidden] rank 1 step 12: 1307b6ca4aafd7b2 length 64
[prefill_tf] rank 1 step 13: target 16804 argmax 59198 lmax 12.9476814 lse 14.8701398754 target_logit nan
[head_hidden] rank 1 step 13: 0345bc15589d06b3 length 129
[prefill_tf] rank 1 step 14: target 1045 argmax 38836 lmax 18.4499969 lse 18.4722620408 target_logit nan
[head_hidden] rank 1 step 14: 8ef637c8d6a690dd length 257
[prefill_tf] rank 1 step 15: target 9315 argmax 46623 lmax 12.2897415 lse 13.7835876086 target_logit nan
[head_hidden] rank 1 step 15: 083f5a8a64d5a0f1 length 1024
[prefill_tf] rank 1 step 16: target 198 argmax 45100 lmax 3.3431325 lse 10.8897580714 target_logit nan
[head_hidden] rank 1 step 16: b7b5d3698e900e78 length 1
[prefill_tf] rank 1 step 17: target 44706 argmax 63878 lmax 20.266552 lse 20.7516723412 target_logit 19.3219681
[head_hidden] rank 1 step 17: 3d6e41e5ff8131d1 length 4
[prefill_tf] rank 1 step 18: target 2669 argmax 55622 lmax 12.978096 lse 14.2561248832 target_logit nan
[head_hidden] rank 1 step 18: 423e0afac3be64cc length 8
[prefill_tf] rank 1 step 19: target 63 argmax 61898 lmax 13.8233757 lse 14.8435732868 target_logit nan
[head_hidden] rank 1 step 19: b7a60db8cf7dbb5f length 17
[prefill_tf] rank 1 step 20: target 879 argmax 43638 lmax 11.5850916 lse 12.6122464131 target_logit nan
[head_hidden] rank 1 step 20: 661cd80c0f9f413e length 64
[prefill_tf] rank 1 step 21: target 11 argmax 57085 lmax 9.62880135 lse 11.1844673922 target_logit nan
[head_hidden] rank 1 step 21: 8e805d68c3c95728 length 129
[prefill_tf] rank 1 step 22: target 279 argmax 48184 lmax 9.45399284 lse 11.0238471708 target_logit nan
[head_hidden] rank 1 step 22: 8d8435fe118dd77e length 257
[prefill_tf] rank 1 step 23: target 6032 argmax 46954 lmax 16.0300465 lse 17.2680098933 target_logit nan
[head_hidden] rank 1 step 23: 5209709348ff08ff length 1024
[prefill_tf] rank 1 step 24: target 21 argmax 45100 lmax 3.18586802 lse 11.012436583 target_logit nan
[head_hidden] rank 1 step 24: ce61ede7455df716 length 1
[prefill_tf] rank 1 step 25: target 11 argmax 62197 lmax 8.57094002 lse 12.9642267464 target_logit nan
[head_hidden] rank 1 step 25: 7f1369c203595fbc length 4
[prefill_tf] rank 1 step 26: target 315 argmax 61724 lmax 12.1875906 lse 14.2903471464 target_logit nan
[head_hidden] rank 1 step 26: 69026e7e04b106bf length 8
[prefill_tf] rank 1 step 27: target 320 argmax 64577 lmax 10.7559195 lse 13.2536202796 target_logit nan
[head_hidden] rank 1 step 27: 7dcb24b56b5c2c15 length 17
[prefill_tf] rank 1 step 28: target 21698 argmax 44120 lmax 13.1427164 lse 14.1781877638 target_logit nan
[head_hidden] rank 1 step 28: 44fa368c788f7f30 length 64
[prefill_tf] rank 1 step 29: target 3697 argmax 74585 lmax 14.9154053 lse 15.0430969162 target_logit nan
[head_hidden] rank 1 step 29: 6c880cd44b0df74f length 129
[prefill_tf] rank 1 step 30: target 879 argmax 39000 lmax 12.1546211 lse 12.9858032494 target_logit nan
[head_hidden] rank 1 step 30: 677e907a4660481d length 257
[prefill_tf] rank 1 step 31: target 2581 argmax 41848 lmax 12.4244556 lse 14.8828336706 target_logit nan
[head_hidden] rank 1 step 31: 75bb9a5a00f49514 length 1024
[prefill_tf] rank 1 step 32: target 323 argmax 48551 lmax 3.32944036 lse 10.8555485908 target_logit nan
[head_hidden] rank 1 step 32: 85588b51f5edef10 length 1
[prefill_tf] rank 1 step 33: target 21053 argmax 64817 lmax 18.0831642 lse 18.132437003 target_logit nan
[head_hidden] rank 1 step 33: f22ceeb12f475711 length 4
[prefill_tf] rank 1 step 34: target 17 argmax 48995 lmax 14.0330086 lse 14.6009859633 target_logit nan
[head_hidden] rank 1 step 34: 6cc7ba61faf9534e length 8
[prefill_tf] rank 1 step 35: target 566 argmax 59894 lmax 15.901844 lse 15.9224225922 target_logit nan
[head_hidden] rank 1 step 35: 4201dac9177a9eac length 17
[prefill_tf] rank 1 step 36: target 315 argmax 60973 lmax 13.1716871 lse 13.5233372717 target_logit nan
[head_hidden] rank 1 step 36: 92a1136aa350437c length 64
[prefill_tf] rank 1 step 37: target 60378 argmax 49307 lmax 18.1578102 lse 19.3572404403 target_logit 17.6075249
[head_hidden] rank 1 step 37: 1b21e947c3da11aa length 129
[prefill_tf] rank 1 step 38: target 419 argmax 63308 lmax 15.6290798 lse 15.7487181262 target_logit nan
[head_hidden] rank 1 step 38: 28068c4fc3c29a01 length 257
[prefill_tf] rank 1 step 39: target 49772 argmax 49772 lmax 14.1716642 lse 15.0387189257 target_logit 14.1716642
[head_hidden] rank 1 step 39: 868776ad1d490e24 length 1024
[prefill_tf] rank 1 step 40: target 323 argmax 48551 lmax 3.32944036 lse 10.8555485908 target_logit nan
[head_hidden] rank 1 step 40: 85588b51f5edef10 length 1
[prefill_tf] rank 1 step 41: target 892 argmax 73401 lmax 9.38258266 lse 13.4480246854 target_logit nan
[head_hidden] rank 1 step 41: dddf6d36959f167c length 4
[prefill_tf] rank 1 step 42: target 437 argmax 69362 lmax 12.0732746 lse 14.2337237942 target_logit nan
[head_hidden] rank 1 step 42: ca3c991818f48443 length 8
[prefill_tf] rank 1 step 43: target 2879 argmax 47814 lmax 15.4525795 lse 15.5196888826 target_logit nan
[head_hidden] rank 1 step 43: 3fca6e7903c74b74 length 17
[prefill_tf] rank 1 step 44: target 488 argmax 55588 lmax 13.4907789 lse 14.5134011221 target_logit nan
[head_hidden] rank 1 step 44: 3647bae66a3ec318 length 64
[prefill_tf] rank 1 step 45: target 311 argmax 69154 lmax 11.4148779 lse 12.379569052 target_logit nan
[head_hidden] rank 1 step 45: 48f49308db10a261 length 129
[prefill_tf] rank 1 step 46: target 1506 argmax 64529 lmax 12.1294098 lse 13.3948193292 target_logit nan
[head_hidden] rank 1 step 46: d72b6a1c72768893 length 257
[prefill_tf] rank 1 step 47: target 48615 argmax 48615 lmax 35.1618042 lse 35.1618075763 target_logit 35.1618042
[head_hidden] rank 1 step 47: 6c5705b0a6226236 length 1024
[prefill_tf] rank 1 step 48: target 678 argmax 45100 lmax 3.37204123 lse 11.0004087573 target_logit nan
[head_hidden] rank 1 step 48: df5042b39f3c195a length 1
[prefill_tf] rank 1 step 49: target 99317 argmax 54571 lmax 9.57726479 lse 12.6054716929 target_logit nan
[head_hidden] rank 1 step 49: 0eebce6db518268e length 4
[prefill_tf] rank 1 step 50: target 10782 argmax 66653 lmax 12.0141945 lse 13.8702007101 target_logit nan
[head_hidden] rank 1 step 50: f6403d8705334052 length 8
[prefill_tf] rank 1 step 51: target 304 argmax 43722 lmax 13.9229717 lse 14.9327750504 target_logit nan
[head_hidden] rank 1 step 51: c8b3a7f9002ae42e length 17
[prefill_tf] rank 1 step 52: target 75344 argmax 69109 lmax 13.9252377 lse 14.9015863143 target_logit 10.3583355
[head_hidden] rank 1 step 52: dad3dfe160fb3385 length 64
[prefill_tf] rank 1 step 53: target 8231 argmax 58028 lmax 12.4203291 lse 13.4320526783 target_logit nan
[head_hidden] rank 1 step 53: ffddb13e296d9abb length 129
[prefill_tf] rank 1 step 54: target 817 argmax 54535 lmax 8.84439754 lse 12.4624322503 target_logit nan
[head_hidden] rank 1 step 54: 7c7b0d7b061b923c length 257
[prefill_tf] rank 1 step 55: target 17 argmax 69942 lmax 10.1760597 lse 11.7528024558 target_logit nan
[head_hidden] rank 1 step 55: 7bd6a2b7542ca9b3 length 1024
[prefill_tf] rank 1 step 56: target 3039 argmax 48551 lmax 3.66627669 lse 10.9695062783 target_logit nan
[head_hidden] rank 1 step 56: 420bd4e90e84c20c length 1
[prefill_tf] rank 1 step 57: target 26 argmax 54864 lmax 10.0902615 lse 12.3061551981 target_logit nan
[head_hidden] rank 1 step 57: 60df6edffa4631db length 4
[prefill_tf] rank 1 step 58: target 1787 argmax 62017 lmax 12.4664984 lse 14.1934575494 target_logit nan
[head_hidden] rank 1 step 58: e726b390823ab9e7 length 8
[prefill_tf] rank 1 step 59: target 16 argmax 45824 lmax 14.7346716 lse 15.6758120568 target_logit nan
[head_hidden] rank 1 step 59: 663bba9f68549c02 length 17
[prefill_tf] rank 1 step 60: target 13 argmax 72599 lmax 16.3866558 lse 16.7237978694 target_logit nan
[head_hidden] rank 1 step 60: f8ea295e8a808481 length 64
[prefill_tf] rank 1 step 61: target 825 argmax 44207 lmax 13.6207428 lse 15.0982997805 target_logit nan
[head_hidden] rank 1 step 61: 5534d774e3f2c174 length 129
[prefill_tf] rank 1 step 62: target 7781 argmax 71488 lmax 23.7001801 lse 23.7184369049 target_logit nan
[head_hidden] rank 1 step 62: f8439d9f48d50e44 length 257
[prefill_tf] rank 1 step 63: target 67515 argmax 67515 lmax 25.6766281 lse 25.6788142953 target_logit 25.6766281
[head_hidden] rank 1 step 63: c5f14bc9eea6c096 length 1024
[prefill_tf] rank 1 step 64: target 25340 argmax 45100 lmax 3.46284771 lse 10.9819159791 target_logit nan
[head_hidden] rank 1 step 64: 38c8b4ceca01b0c8 length 1
[prefill_tf] rank 1 step 65: target 267 argmax 63251 lmax 9.97692108 lse 13.1688751041 target_logit nan
[head_hidden] rank 1 step 65: a25a1846623fce2f length 4
[prefill_tf] rank 1 step 66: target 13 argmax 50277 lmax 9.40587044 lse 12.6242690746 target_logit nan
[head_hidden] rank 1 step 66: 09e1aafca63d70b6 length 8
[prefill_tf] rank 1 step 67: target 12 argmax 55798 lmax 13.308013 lse 14.250349033 target_logit nan
[head_hidden] rank 1 step 67: e44f3f00bc93f229 length 17
[prefill_tf] rank 1 step 68: target 11 argmax 43098 lmax 12.8911552 lse 13.5265903844 target_logit nan
[head_hidden] rank 1 step 68: bbe76527216da6a8 length 64
[prefill_tf] rank 1 step 69: target 628 argmax 50006 lmax 15.870718 lse 16.237893429 target_logit nan
[head_hidden] rank 1 step 69: 8ce9caa4ec15b172 length 129
[prefill_tf] rank 1 step 70: target 432 argmax 56811 lmax 9.77956963 lse 11.039964485 target_logit nan
[head_hidden] rank 1 step 70: fb304d7e83b29f3d length 257
[prefill_tf] rank 1 step 71: target 198 argmax 38772 lmax 11.2823534 lse 12.3398559127 target_logit nan
[head_hidden] rank 1 step 71: eee09b965bd4c841 length 1024
[prefill_tf] rank 1 step 72: target 10835 argmax 48551 lmax 3.5243609 lse 10.9679406861 target_logit nan
[head_hidden] rank 1 step 72: d4cc365ef523b822 length 1
[prefill_tf] rank 1 step 73: target 566 argmax 39975 lmax 10.6689091 lse 13.6539757297 target_logit nan
[head_hidden] rank 1 step 73: 54abb0b4b8472ae9 length 4
[prefill_tf] rank 1 step 74: target 12220 argmax 38620 lmax 13.2049694 lse 14.4976722554 target_logit nan
[head_hidden] rank 1 step 74: ba8223c31209f6ca length 8
[prefill_tf] rank 1 step 75: target 50117 argmax 50117 lmax 22.0702934 lse 22.0706531216 target_logit 22.0702934
[head_hidden] rank 1 step 75: eb4b68d853aa8e8b length 17
[prefill_tf] rank 1 step 76: target 10516 argmax 57648 lmax 15.3096714 lse 15.8859342382 target_logit nan
[head_hidden] rank 1 step 76: aa63676804234580 length 64
[prefill_tf] rank 1 step 77: target 7040 argmax 44290 lmax 11.9647999 lse 13.548710009 target_logit nan
[head_hidden] rank 1 step 77: c927c91744b255ac length 129
[prefill_tf] rank 1 step 78: target 304 argmax 43863 lmax 17.8301506 lse 17.983621617 target_logit nan
[head_hidden] rank 1 step 78: 0287eb8a89a353fb length 257
[prefill_tf] rank 1 step 79: target 47583 argmax 47583 lmax 30.8494129 lse 30.8494134817 target_logit 30.8494129
[head_hidden] rank 1 step 79: 18280ac31618cea4 length 1024
[prefill_tf] rank 1 step 80: target 11641 argmax 48551 lmax 3.30823994 lse 10.8532572113 target_logit nan
[head_hidden] rank 1 step 80: f2cd33ba923726e2 length 1
[prefill_tf] rank 1 step 81: target 782 argmax 57056 lmax 9.42071152 lse 10.8814544027 target_logit nan
[head_hidden] rank 1 step 81: 68552d3f192929d8 length 4
[prefill_tf] rank 1 step 82: target 23866 argmax 64269 lmax 10.9574757 lse 13.1017676786 target_logit nan
[head_hidden] rank 1 step 82: 5999c426f912384c length 8
[prefill_tf] rank 1 step 83: target 3730 argmax 44003 lmax 11.9733534 lse 13.4067912891 target_logit nan
[head_hidden] rank 1 step 83: ef6c37bb0acd1ebf length 17
[prefill_tf] rank 1 step 84: target 198 argmax 38772 lmax 10.7117043 lse 13.1110804616 target_logit nan
[head_hidden] rank 1 step 84: 7c3f0f5b6365297f length 64
[prefill_tf] rank 1 step 85: target 13955 argmax 63754 lmax 13.4817619 lse 14.834225918 target_logit nan
[head_hidden] rank 1 step 85: 9fc4eb04437321a2 length 129
[prefill_tf] rank 1 step 86: target 7347 argmax 45119 lmax 12.0223837 lse 13.380028446 target_logit nan
[head_hidden] rank 1 step 86: d2b22f92742a2b27 length 257
[prefill_tf] rank 1 step 87: target 5454 argmax 50849 lmax 14.9268112 lse 15.5030949278 target_logit nan
[head_hidden] rank 1 step 87: 314bfb2da922d9ca length 1024
[prefill_tf] rank 1 step 88: target 1990 argmax 45100 lmax 3.27767205 lse 10.9062687918 target_logit nan
[head_hidden] rank 1 step 88: 31b0ba8db523b06e length 1
[prefill_tf] rank 1 step 89: target 438 argmax 55737 lmax 10.7104702 lse 13.3249364017 target_logit nan
[head_hidden] rank 1 step 89: 880fbaeecafb44bb length 4
[prefill_tf] rank 1 step 90: target 2251 argmax 56285 lmax 10.6522942 lse 11.8181705183 target_logit nan
[head_hidden] rank 1 step 90: 6495f1516dd40346 length 8
[prefill_tf] rank 1 step 91: target 311 argmax 67242 lmax 11.729579 lse 14.0787700558 target_logit nan
[head_hidden] rank 1 step 91: 13c419a8d301e45c length 17
[prefill_tf] rank 1 step 92: target 8224 argmax 71678 lmax 13.3926373 lse 14.3863398886 target_logit nan
[head_hidden] rank 1 step 92: cd985544efe552c8 length 64
[prefill_tf] rank 1 step 93: target 3198 argmax 64194 lmax 17.2807922 lse 17.3375228911 target_logit nan
[head_hidden] rank 1 step 93: 9fd636f77cb46dd8 length 129
[prefill_tf] rank 1 step 94: target 2308 argmax 51122 lmax 12.8008385 lse 14.5387833957 target_logit nan
[head_hidden] rank 1 step 94: adc2062f11b08537 length 257
[prefill_tf] rank 1 step 95: target 10333 argmax 46105 lmax 12.4619389 lse 14.4591325771 target_logit nan
[head_hidden] rank 1 step 95: 083e49e3df6cfa28 length 1024
[prefill_tf] rank 1 step 96: target 40 argmax 45100 lmax 3.39638448 lse 10.9779637533 target_logit nan
[head_hidden] rank 1 step 96: d28f37392019bcd7 length 1
[prefill_tf] rank 1 step 97: target 1084 argmax 58853 lmax 11.9680557 lse 14.0436028788 target_logit nan
[head_hidden] rank 1 step 97: 93f1982ce78d9dab length 4
[prefill_tf] rank 1 step 98: target 350 argmax 46493 lmax 9.78011799 lse 13.6993089533 target_logit nan
[head_hidden] rank 1 step 98: 039fc75cf38850f8 length 8
[prefill_tf] rank 1 step 99: target 19759 argmax 41105 lmax 12.4193554 lse 13.3220292984 target_logit nan
[head_hidden] rank 1 step 99: a77b6678f5642593 length 17
[prefill_tf] rank 1 step 100: target 686 argmax 73913 lmax 13.0130186 lse 13.8854140994 target_logit nan
[head_hidden] rank 1 step 100: 52f3de3b946e4914 length 64
[prefill_tf] rank 1 step 101: target 3070 argmax 50748 lmax 11.9380455 lse 13.5230509927 target_logit nan
[head_hidden] rank 1 step 101: 1389fe9734c2ee6f length 129
[prefill_tf] rank 1 step 102: target 6993 argmax 66226 lmax 16.1067123 lse 16.1379176901 target_logit nan
[head_hidden] rank 1 step 102: a5d42662b4391463 length 257
[prefill_tf] rank 1 step 103: target 32559 argmax 38025 lmax 15.6693802 lse 16.22697523 target_logit nan
[head_hidden] rank 1 step 103: b764b6c26adbd160 length 1024
[prefill_tf] rank 1 step 104: target 264 argmax 48551 lmax 3.47419405 lse 10.9864748217 target_logit nan
[head_hidden] rank 1 step 104: a7809d9f8d3a228a length 1
[prefill_tf] rank 1 step 105: target 480 argmax 41803 lmax 11.7146053 lse 13.6562421491 target_logit nan
[head_hidden] rank 1 step 105: 7da778c46a6029cf length 4
[prefill_tf] rank 1 step 106: target 1142 argmax 38278 lmax 13.3712292 lse 14.4814159447 target_logit nan
[head_hidden] rank 1 step 106: e4b308549a64bbcc length 8
[prefill_tf] rank 1 step 107: target 12 argmax 72047 lmax 15.5216179 lse 16.491202846 target_logit nan
[head_hidden] rank 1 step 107: 08765c80e2fafd87 length 17
[prefill_tf] rank 1 step 108: target 374 argmax 50266 lmax 15.1354961 lse 15.7712377756 target_logit nan
[head_hidden] rank 1 step 108: e6a88dda8e995f8c length 64
[prefill_tf] rank 1 step 109: target 126293 argmax 54322 lmax 9.22081947 lse 10.8258264867 target_logit nan
[head_hidden] rank 1 step 109: d1a20f91e8b14213 length 129
[prefill_tf] rank 1 step 110: target 847 argmax 61064 lmax 10.8101177 lse 12.2512652584 target_logit nan
[head_hidden] rank 1 step 110: 830d368ce164cf45 length 257
[prefill_tf] rank 1 step 111: target 760 argmax 69878 lmax 11.8888168 lse 12.6240262171 target_logit nan
[head_hidden] rank 1 step 111: b5316894dac90630 length 1024
[prefill_tf] rank 1 step 112: target 702 argmax 45100 lmax 3.23743892 lse 11.0466116261 target_logit nan
[head_hidden] rank 1 step 112: f799b2695f08c705 length 1
[prefill_tf] rank 1 step 113: target 264 argmax 53546 lmax 11.4568653 lse 13.7199452734 target_logit nan
[head_hidden] rank 1 step 113: 034d6d8ff9ff1beb length 4
[prefill_tf] rank 1 step 114: target 77158 argmax 40158 lmax 15.7356758 lse 16.4821462317 target_logit nan
[head_hidden] rank 1 step 114: d3cc2f24ae0b3b59 length 8
[prefill_tf] rank 1 step 115: target 432 argmax 59933 lmax 6.76838303 lse 10.2081896504 target_logit nan
[head_hidden] rank 1 step 115: 3e017baa50f43caf length 17
[prefill_tf] rank 1 step 116: target 806 argmax 71730 lmax 8.69393253 lse 10.7537879952 target_logit nan
[head_hidden] rank 1 step 116: 5aa179e40b821b8b length 64
[prefill_tf] rank 1 step 117: target 30610 argmax 46131 lmax 20.442524 lse 20.704958342 target_logit nan
[head_hidden] rank 1 step 117: 997b1528f50f188b length 129
[prefill_tf] rank 1 step 118: target 44863 argmax 44863 lmax 30.686615 lse 30.6868725011 target_logit 30.686615
[head_hidden] rank 1 step 118: 4183a56579d6236a length 257
[prefill_tf] rank 1 step 119: target 285 argmax 62130 lmax 13.347146 lse 14.3905452956 target_logit nan
[head_hidden] rank 1 step 119: a0424dda952033f5 length 1024
[prefill_tf] rank 1 step 120: target 518 argmax 45100 lmax 3.37586832 lse 11.0164615238 target_logit nan
[head_hidden] rank 1 step 120: 9942595c2be1d461 length 1
[prefill_tf] rank 1 step 121: target 405 argmax 65714 lmax 10.7183666 lse 13.1837587112 target_logit nan
[head_hidden] rank 1 step 121: 56c186cb8a294d8b length 4
[prefill_tf] rank 1 step 122: target 11499 argmax 40007 lmax 11.8653803 lse 14.5988007656 target_logit nan
[head_hidden] rank 1 step 122: 5b60e603b3dbe4c2 length 8
[prefill_tf] rank 1 step 123: target 8569 argmax 50289 lmax 11.5585699 lse 12.5502762901 target_logit nan
[head_hidden] rank 1 step 123: d3e9fbee3b80e047 length 17
[prefill_tf] rank 1 step 124: target 9762 argmax 40255 lmax 18.7232666 lse 18.8968773833 target_logit nan
[head_hidden] rank 1 step 124: a800a9df5c1d39a8 length 64
[prefill_tf] rank 1 step 125: target 11 argmax 54378 lmax 14.6011124 lse 15.210667295 target_logit nan
[head_hidden] rank 1 step 125: 37c8d393f362b721 length 129
[prefill_tf] rank 1 step 126: target 13 argmax 53406 lmax 13.3705883 lse 14.3352901115 target_logit nan
[head_hidden] rank 1 step 126: 843327f68b5aefc5 length 257
[prefill_tf] rank 1 step 127: target 279 argmax 46623 lmax 10.7677021 lse 13.1553016778 target_logit nan
[head_hidden] rank 1 step 127: 7fdb8af0a1a88633 length 1024
[prefill_tf] rank 1 step 128: target 280 argmax 45100 lmax 3.31069541 lse 10.9537476107 target_logit nan
[head_hidden] rank 1 step 128: ed60ec44285fd8b1 length 1
[prefill_tf] rank 1 step 129: target 5863 argmax 46517 lmax 12.2210617 lse 13.0719923744 target_logit nan
[head_hidden] rank 1 step 129: e1d5fb4e5f34cfd9 length 4
[prefill_tf] rank 1 step 130: target 3468 argmax 57564 lmax 9.95923805 lse 12.8533097682 target_logit nan
[head_hidden] rank 1 step 130: 3100a88d8f2d8d83 length 8
[prefill_tf] rank 1 step 131: target 421 argmax 44014 lmax 12.4330473 lse 13.9759129299 target_logit nan
[head_hidden] rank 1 step 131: 601547460a07f0ca length 17
[prefill_tf] rank 1 step 132: target 1959 argmax 63062 lmax 11.4302731 lse 13.4470729701 target_logit nan
[head_hidden] rank 1 step 132: d0de7950c0e18afa length 64
[prefill_tf] rank 1 step 133: target 6668 argmax 63308 lmax 15.0325413 lse 15.469951376 target_logit nan
[head_hidden] rank 1 step 133: 58792de058145592 length 129
[prefill_tf] rank 1 step 134: target 220 argmax 48742 lmax 11.2555981 lse 13.4495036214 target_logit nan
[head_hidden] rank 1 step 134: f1c54e42b59ee95a length 257
[prefill_tf] rank 1 step 135: target 2879 argmax 47814 lmax 16.7090187 lse 16.7791841917 target_logit nan
[head_hidden] rank 1 step 135: 3c1971adc04a627d length 1024
[prefill_tf] rank 1 step 136: target 272 argmax 45100 lmax 3.34496856 lse 11.0043894344 target_logit nan
[head_hidden] rank 1 step 136: 46c5deb70af1d284 length 1
[prefill_tf] rank 1 step 137: target 264 argmax 39500 lmax 12.5924606 lse 14.2901747507 target_logit nan
[head_hidden] rank 1 step 137: d8230ce4fdc04f6b length 4
[prefill_tf] rank 1 step 138: target 6172 argmax 64208 lmax 13.8790293 lse 15.0029196198 target_logit nan
[head_hidden] rank 1 step 138: bb0cf2e5e3816ac9 length 8
[prefill_tf] rank 1 step 139: target 8038 argmax 47151 lmax 12.2583141 lse 13.4129424965 target_logit nan
[head_hidden] rank 1 step 139: d7eca8a6a1d07558 length 17
[prefill_tf] rank 1 step 140: target 1697 argmax 50113 lmax 12.70788 lse 13.9949558487 target_logit nan
[head_hidden] rank 1 step 140: e35a0939b48bf9d6 length 64
[prefill_tf] rank 1 step 141: target 358 argmax 45042 lmax 10.1681252 lse 11.4009546204 target_logit nan
[head_hidden] rank 1 step 141: 2c6ab018245c6bde length 129
[prefill_tf] rank 1 step 142: target 45273 argmax 59504 lmax 12.9808884 lse 15.0466919795 target_logit 11.3877468
[head_hidden] rank 1 step 142: aa0aad8b1ed7f836 length 257
[prefill_tf] rank 1 step 143: target 13905 argmax 61168 lmax 15.0890265 lse 16.1460982872 target_logit nan
[head_hidden] rank 1 step 143: 905d110b113bc97b length 1024
[prefill_tf] rank 1 step 144: target 44498 argmax 48551 lmax 3.27811146 lse 10.9978380481 target_logit -0.866173029
[head_hidden] rank 1 step 144: 3246130b465c6283 length 1
[prefill_tf] rank 1 step 145: target 518 argmax 41367 lmax 12.001626 lse 14.7977745474 target_logit nan
[head_hidden] rank 1 step 145: ea15350f7d68e8b9 length 4
[prefill_tf] rank 1 step 146: target 525 argmax 55400 lmax 8.23124027 lse 12.3107049827 target_logit nan
[head_hidden] rank 1 step 146: 0e26bc70b9c391c5 length 8
[prefill_tf] rank 1 step 147: target 3593 argmax 49543 lmax 12.1399422 lse 13.3389357967 target_logit nan
[head_hidden] rank 1 step 147: 5e63b1a37aea8a50 length 17
[prefill_tf] rank 1 step 148: target 33 argmax 73628 lmax 13.6975412 lse 13.91388343 target_logit nan
[head_hidden] rank 1 step 148: c8f7d85b3522f229 length 64
[prefill_tf] rank 1 step 149: target 320 argmax 52031 lmax 13.3622408 lse 14.5589034206 target_logit nan
[head_hidden] rank 1 step 149: 520c7a44d1c03543 length 129
[prefill_tf] rank 1 step 150: target 432 argmax 73817 lmax 10.2967243 lse 12.436039277 target_logit nan
[head_hidden] rank 1 step 150: 9453fcaef089fe81 length 257
[prefill_tf] rank 1 step 151: target 49695 argmax 42437 lmax 14.1798887 lse 15.1084939084 target_logit 7.47292328
[head_hidden] rank 1 step 151: 47bc7d2d7b8500b1 length 1024
[prefill_tf] rank 1 step 152: target 12 argmax 45100 lmax 3.37678766 lse 10.9874546004 target_logit nan
[head_hidden] rank 1 step 152: f3e02236db740dea length 1
[prefill_tf] rank 1 step 153: target 1730 argmax 38518 lmax 11.2056122 lse 13.8389222917 target_logit nan
[head_hidden] rank 1 step 153: a0c59b21198e0fa3 length 4
[prefill_tf] rank 1 step 154: target 432 argmax 56968 lmax 6.57347536 lse 10.1264529254 target_logit nan
[head_hidden] rank 1 step 154: 64c7e8e4096d181a length 8
[prefill_tf] rank 1 step 155: target 17 argmax 66904 lmax 7.09460974 lse 10.3567741288 target_logit nan
[head_hidden] rank 1 step 155: 29fa7556dc5d4163 length 17
[prefill_tf] rank 1 step 156: target 1959 argmax 60242 lmax 15.2088728 lse 15.4061031185 target_logit nan
[head_hidden] rank 1 step 156: 5319ebc888e54528 length 64
[prefill_tf] rank 1 step 157: target 11 argmax 54831 lmax 11.2344656 lse 13.3423429313 target_logit nan
[head_hidden] rank 1 step 157: c8f5d96f7e41e59f length 129
[prefill_tf] rank 1 step 158: target 17996 argmax 59275 lmax 15.6886711 lse 16.9304602601 target_logit nan
[head_hidden] rank 1 step 158: f33d222be2b4c82c length 257
[prefill_tf] rank 1 step 159: target 832 argmax 50788 lmax 14.2394886 lse 15.3039194665 target_logit nan
[head_hidden] rank 1 step 159: 4f438684f7d6298f length 1024
[prefill_tf] rank 1 step 160: target 4599 argmax 45100 lmax 3.18586802 lse 11.012436583 target_logit nan
[head_hidden] rank 1 step 160: ce61ede7455df716 length 1
[prefill_tf] rank 1 step 161: target 279 argmax 47853 lmax 9.74642563 lse 12.5641184974 target_logit nan
[head_hidden] rank 1 step 161: 4aa4954b32b4db9f length 4
[prefill_tf] rank 1 step 162: target 28748 argmax 41485 lmax 10.9793835 lse 13.539383432 target_logit nan
[head_hidden] rank 1 step 162: 3c85e9b688b8753e length 8
[prefill_tf] rank 1 step 163: target 806 argmax 38076 lmax 8.02985668 lse 10.9399317179 target_logit nan
[head_hidden] rank 1 step 163: 0d497d69578e43ab length 17
[prefill_tf] rank 1 step 164: target 3166 argmax 60897 lmax 10.347949 lse 12.0139340246 target_logit nan
[head_hidden] rank 1 step 164: c597f739bb7c25cd length 64
[prefill_tf] rank 1 step 165: target 279 argmax 39605 lmax 10.2153721 lse 11.4526288704 target_logit nan
[head_hidden] rank 1 step 165: 6311fe65ac94d562 length 129
[prefill_tf] rank 1 step 166: target 374 argmax 50368 lmax 16.656414 lse 16.671167916 target_logit nan
[head_hidden] rank 1 step 166: 953389391e0a6473 length 257
[prefill_tf] rank 1 step 167: target 304 argmax 63754 lmax 13.8168001 lse 14.9920696806 target_logit nan
[head_hidden] rank 1 step 167: e5f9dc332f729978 length 1024
[prefill_tf] rank 1 step 168: target 8710 argmax 48551 lmax 3.32944036 lse 10.8555485908 target_logit nan
[head_hidden] rank 1 step 168: 85588b51f5edef10 length 1
[prefill_tf] rank 1 step 169: target 20 argmax 39350 lmax 10.8262024 lse 13.0320582156 target_logit nan
[head_hidden] rank 1 step 169: 90843d8c998ff9c1 length 4
[prefill_tf] rank 1 step 170: target 315 argmax 41062 lmax 7.35725069 lse 10.5039091335 target_logit nan
[head_hidden] rank 1 step 170: aaf8611ef3fb01a0 length 8
[prefill_tf] rank 1 step 171: target 279 argmax 58558 lmax 8.10903549 lse 10.5531129236 target_logit nan
[head_hidden] rank 1 step 171: 92154b32a480a139 length 17
[prefill_tf] rank 1 step 172: target 3795 argmax 59176 lmax 15.4955149 lse 17.1385961571 target_logit nan
[head_hidden] rank 1 step 172: 22400cae1ac9d39c length 64
[prefill_tf] rank 1 step 173: target 279 argmax 50025 lmax 13.0249825 lse 13.6792394361 target_logit nan
[head_hidden] rank 1 step 173: 09fe5f5ba4e3ba60 length 129
[prefill_tf] rank 1 step 174: target 55101 argmax 60045 lmax 12.3807907 lse 14.7811373007 target_logit 11.7873144
[head_hidden] rank 1 step 174: a6ed2d3f25ab95b5 length 257
[prefill_tf] rank 1 step 175: target 76 argmax 51575 lmax 15.4951992 lse 16.8860525647 target_logit nan
[head_hidden] rank 1 step 175: 44374e3fe0d9a8af length 1024
[prefill_tf] rank 1 step 176: target 323 argmax 48551 lmax 3.50332117 lse 10.9613446306 target_logit nan
[head_hidden] rank 1 step 176: 797353474eb8b788 length 1
[prefill_tf] rank 1 step 177: target 13905 argmax 63062 lmax 10.6886787 lse 12.5241704754 target_logit nan
[head_hidden] rank 1 step 177: 4d12de58eec6fceb length 4
[prefill_tf] rank 1 step 178: target 3753 argmax 51035 lmax 13.0455694 lse 14.3810115111 target_logit nan
[head_hidden] rank 1 step 178: 34bac5c347225082 length 8
[prefill_tf] rank 1 step 179: target 1526 argmax 72433 lmax 11.7580299 lse 13.6857648441 target_logit nan
[head_hidden] rank 1 step 179: b1764087e0e17667 length 17
[prefill_tf] rank 1 step 180: target 13 argmax 47814 lmax 13.854105 lse 14.1564970886 target_logit nan
[head_hidden] rank 1 step 180: 7239e3b5ebf78677 length 64
[prefill_tf] rank 1 step 181: target 2041 argmax 38522 lmax 12.5516891 lse 13.4091420369 target_logit nan
[head_hidden] rank 1 step 181: fa427f159c0521ec length 129
[prefill_tf] rank 1 step 182: target 13 argmax 62471 lmax 17.8990479 lse 18.2869437378 target_logit nan
[head_hidden] rank 1 step 182: 1968715ddc12c752 length 257
[prefill_tf] rank 1 step 183: target 26346 argmax 48987 lmax 10.9994164 lse 14.022488041 target_logit nan
[head_hidden] rank 1 step 183: e0d441c9a46d973b length 1024
[prefill_tf] rank 1 step 184: target 13021 argmax 45100 lmax 3.26851034 lse 11.0334884179 target_logit nan
[head_hidden] rank 1 step 184: 6554b45c180f7db2 length 1
[prefill_tf] rank 1 step 185: target 198 argmax 61188 lmax 13.7667217 lse 15.1603438839 target_logit nan
[head_hidden] rank 1 step 185: 8088c5c77d0ac2bc length 4
[prefill_tf] rank 1 step 186: target 5454 argmax 50849 lmax 11.929657 lse 13.0283198769 target_logit nan
[head_hidden] rank 1 step 186: 8970c304e442b631 length 8
[prefill_tf] rank 1 step 187: target 109295 argmax 43964 lmax 12.7115078 lse 13.996576803 target_logit nan
[head_hidden] rank 1 step 187: 26abbd1a171ca1c8 length 17
[prefill_tf] rank 1 step 188: target 16609 argmax 53406 lmax 11.763298 lse 13.5545767124 target_logit nan
[head_hidden] rank 1 step 188: 63f6564557c5e2e3 length 64
[prefill_tf] rank 1 step 189: target 2073 argmax 57301 lmax 12.8832664 lse 13.513273354 target_logit nan
[head_hidden] rank 1 step 189: 93dfe50507644895 length 129
[prefill_tf] rank 1 step 190: target 69119 argmax 69119 lmax 29.3680344 lse 29.3681092088 target_logit 29.3680344
[head_hidden] rank 1 step 190: a2c9ca2813046a93 length 257
[prefill_tf] rank 1 step 191: target 86491 argmax 43500 lmax 15.80196 lse 16.203142823 target_logit nan
[head_hidden] rank 1 step 191: a68e2d28c8c68547 length 1024
[prefill_tf] rank 1 step 192: target 6605 argmax 45100 lmax 3.32052422 lse 11.024268466 target_logit nan
[head_hidden] rank 1 step 192: c3384234dcbf22c1 length 1
[prefill_tf] rank 1 step 193: target 315 argmax 47077 lmax 10.6536922 lse 12.8205007394 target_logit nan
[head_hidden] rank 1 step 193: acdbd8169d1b3097 length 4
[prefill_tf] rank 1 step 194: target 14387 argmax 51014 lmax 11.9741907 lse 13.4116068177 target_logit nan
[head_hidden] rank 1 step 194: 6fb51e1f94fbc835 length 8
[prefill_tf] rank 1 step 195: target 7077 argmax 63754 lmax 13.3508091 lse 14.4470424038 target_logit nan
[head_hidden] rank 1 step 195: e5c9d5f5e29a88ff length 17
[prefill_tf] rank 1 step 196: target 7077 argmax 55588 lmax 12.2441111 lse 13.5273573689 target_logit nan
[head_hidden] rank 1 step 196: c362a343d2dd86b1 length 64
[prefill_tf] rank 1 step 197: target 3795 argmax 59176 lmax 16.3688545 lse 17.6788531177 target_logit nan
[head_hidden] rank 1 step 197: f5fa69c2d8648549 length 129
[prefill_tf] rank 1 step 198: target 10163 argmax 48570 lmax 10.9228325 lse 12.3816607866 target_logit nan
[head_hidden] rank 1 step 198: 7876280d2f7c8154 length 257
[prefill_tf] rank 1 step 199: target 2221 argmax 46263 lmax 8.73055077 lse 11.1936496888 target_logit nan
[head_hidden] rank 1 step 199: ac6c61b61840f6e6 length 1024
[prefill_tf] rank 1 step 200: target 3600 argmax 45100 lmax 3.46262288 lse 10.9489139927 target_logit nan
[head_hidden] rank 1 step 200: 4d9aa9a839ff7acb length 1
[prefill_tf] rank 1 step 201: target 379 argmax 42217 lmax 16.4393139 lse 16.8456139212 target_logit nan
[head_hidden] rank 1 step 201: d88d19d7799dc92c length 4
[prefill_tf] rank 1 step 202: target 14 argmax 55223 lmax 10.4352322 lse 11.6787753228 target_logit nan
[head_hidden] rank 1 step 202: 4d3b9532865861f8 length 8
[prefill_tf] rank 1 step 203: target 17212 argmax 41618 lmax 16.0911312 lse 16.8544138691 target_logit nan
[head_hidden] rank 1 step 203: da051eb3fcbe1e0c length 17
[prefill_tf] rank 1 step 204: target 279 argmax 65517 lmax 9.64633179 lse 11.8573090124 target_logit nan
[head_hidden] rank 1 step 204: 674dcb7621e70436 length 64
[prefill_tf] rank 1 step 205: target 1091 argmax 53437 lmax 15.3479252 lse 15.3962080939 target_logit nan
[head_hidden] rank 1 step 205: 1b85405d7ba0038f length 129
[prefill_tf] rank 1 step 206: target 448 argmax 46658 lmax 11.978178 lse 12.9711581597 target_logit nan
[head_hidden] rank 1 step 206: 566448aa3477b44b length 257
[prefill_tf] rank 1 step 207: target 8472 argmax 42154 lmax 13.5383358 lse 15.4890478835 target_logit nan
[head_hidden] rank 1 step 207: 2893b5c483d94e68 length 1024
[prefill_tf] rank 1 step 208: target 220 argmax 45100 lmax 3.08847666 lse 11.0309873993 target_logit nan
[head_hidden] rank 1 step 208: 6d8946ecbe5066ce length 1
[prefill_tf] rank 1 step 209: target 2073 argmax 48913 lmax 9.75630665 lse 12.093702071 target_logit nan
[head_hidden] rank 1 step 209: 3c058aa431a9cc0f length 4
[prefill_tf] rank 1 step 210: target 69252 argmax 69252 lmax 27.9699364 lse 27.9699505609 target_logit 27.9699364
[head_hidden] rank 1 step 210: 058f4b2efca9a996 length 8
[prefill_tf] rank 1 step 211: target 11 argmax 71585 lmax 12.8591957 lse 13.1760403526 target_logit nan
[head_hidden] rank 1 step 211: 852f744b97d6e7fe length 17
[prefill_tf] rank 1 step 212: target 54750 argmax 54750 lmax 21.2588215 lse 21.2839806822 target_logit 21.2588215
[head_hidden] rank 1 step 212: 7549c325bed7903e length 64
[prefill_tf] rank 1 step 213: target 279 argmax 55178 lmax 16.977581 lse 17.0037572648 target_logit nan
[head_hidden] rank 1 step 213: 3a1a7fef8d86df35 length 129
[prefill_tf] rank 1 step 214: target 9245 argmax 63308 lmax 8.84671593 lse 11.7686376447 target_logit nan
[head_hidden] rank 1 step 214: b1522e71d7a48fa8 length 257
[prefill_tf] rank 1 step 215: target 697 argmax 53833 lmax 11.3002682 lse 12.007242794 target_logit nan
[head_hidden] rank 1 step 215: 39a124b670e95d02 length 1024
[prefill_tf] rank 1 step 216: target 11 argmax 45100 lmax 3.18551517 lse 11.0071198992 target_logit nan
[head_hidden] rank 1 step 216: 3047add47ad8e5eb length 1
[prefill_tf] rank 1 step 217: target 323 argmax 41831 lmax 10.7387829 lse 12.796438334 target_logit nan
[head_hidden] rank 1 step 217: 940a5df45f92ad36 length 4
[prefill_tf] rank 1 step 218: target 702 argmax 65037 lmax 14.3232632 lse 15.4545182839 target_logit nan
[head_hidden] rank 1 step 218: 8003201f4bdf7110 length 8
[prefill_tf] rank 1 step 219: target 220 argmax 43064 lmax 10.3865604 lse 12.8065917041 target_logit nan
[head_hidden] rank 1 step 219: 14abbb3db4803fe9 length 17
[prefill_tf] rank 1 step 220: target 566 argmax 59894 lmax 15.6662102 lse 15.691292802 target_logit nan
[head_hidden] rank 1 step 220: e232f595cd10c809 length 64
[prefill_tf] rank 1 step 221: target 760 argmax 55588 lmax 10.3632622 lse 12.4837712942 target_logit nan
[head_hidden] rank 1 step 221: 78ac723fb9ad9c55 length 129
[prefill_tf] rank 1 step 222: target 16609 argmax 39295 lmax 11.7306061 lse 13.3515256519 target_logit nan
[head_hidden] rank 1 step 222: ca9442b7f9a1c190 length 257
[prefill_tf] rank 1 step 223: target 4452 argmax 39840 lmax 11.0843239 lse 12.80632858 target_logit nan
[head_hidden] rank 1 step 223: 3ebb6e5125eb302f length 1024
[prefill_tf] rank 1 step 224: target 22137 argmax 45100 lmax 3.23718739 lse 11.0342835899 target_logit nan
[head_hidden] rank 1 step 224: 4f15736c070261dc length 1
[prefill_tf] rank 1 step 225: target 82 argmax 44087 lmax 14.443121 lse 14.7125140647 target_logit nan
[head_hidden] rank 1 step 225: 78387ebdc853e50a length 4
[prefill_tf] rank 1 step 226: target 752 argmax 49114 lmax 10.0141602 lse 12.9227354647 target_logit nan
[head_hidden] rank 1 step 226: e7f21985272833df length 8
[prefill_tf] rank 1 step 227: target 71116 argmax 40973 lmax 9.32507515 lse 12.6914807795 target_logit 4.18942881
[head_hidden] rank 1 step 227: f0e9ca349862bfcd length 17
[prefill_tf] rank 1 step 228: target 264 argmax 65589 lmax 13.0154819 lse 14.1408694233 target_logit nan
[head_hidden] rank 1 step 228: 03793034b504e3c0 length 64
[prefill_tf] rank 1 step 229: target 429 argmax 48184 lmax 9.54532623 lse 11.7744424435 target_logit nan
[head_hidden] rank 1 step 229: 63c9ee14630eae8c length 129
[prefill_tf] rank 1 step 230: target 8568 argmax 60242 lmax 10.9021912 lse 13.3472341142 target_logit nan
[head_hidden] rank 1 step 230: a7de81e12a88d4d4 length 257
[prefill_tf] rank 1 step 231: target 26272 argmax 45500 lmax 20.1526833 lse 20.2462158571 target_logit nan
[head_hidden] rank 1 step 231: b648a3ef87a1be14 length 1024
[prefill_tf] rank 1 step 232: target 11 argmax 45100 lmax 3.37094879 lse 11.0033768218 target_logit nan
[head_hidden] rank 1 step 232: 26a1075c1b029c24 length 1
[prefill_tf] rank 1 step 233: target 21698 argmax 74536 lmax 9.45534515 lse 13.3359656618 target_logit nan
[head_hidden] rank 1 step 233: 4750a4814a4b3c8d length 4
[prefill_tf] rank 1 step 234: target 50804 argmax 52749 lmax 9.37325478 lse 12.1086108712 target_logit 0.346104026
[head_hidden] rank 1 step 234: ccf0aa841b7b526c length 8
[prefill_tf] rank 1 step 235: target 785 argmax 46485 lmax 13.2562141 lse 14.8027819477 target_logit nan
[head_hidden] rank 1 step 235: ea888bc0af99883f length 17
[prefill_tf] rank 1 step 236: target 17 argmax 44403 lmax 8.6526289 lse 10.7008979051 target_logit nan
[head_hidden] rank 1 step 236: eb0c81048e205e1d length 64
[prefill_tf] rank 1 step 237: target 11 argmax 49238 lmax 13.5417614 lse 14.5313176886 target_logit nan
[head_hidden] rank 1 step 237: b1ff5051ae437181 length 129
[prefill_tf] rank 1 step 238: target 825 argmax 52370 lmax 11.4767818 lse 12.5216394041 target_logit nan
[head_hidden] rank 1 step 238: 7ba899d9b37546f3 length 257
[prefill_tf] rank 1 step 239: target 12515 argmax 55203 lmax 12.6609497 lse 14.4306750184 target_logit nan
[head_hidden] rank 1 step 239: f20a6de3f3f6cb4d length 1024
[prefill_tf] rank 1 step 240: target 6738 argmax 48551 lmax 3.42436481 lse 11.0229357637 target_logit nan
[head_hidden] rank 1 step 240: f832002ec159ff95 length 1
[prefill_tf] rank 1 step 241: target 6006 argmax 44615 lmax 9.82085419 lse 12.811369552 target_logit nan
[head_hidden] rank 1 step 241: 98e876143b6d5f6e length 4
[prefill_tf] rank 1 step 242: target 1815 argmax 52348 lmax 10.5513191 lse 13.0831563791 target_logit nan
[head_hidden] rank 1 step 242: 097c327fc4634d66 length 8
[prefill_tf] rank 1 step 243: target 773 argmax 49526 lmax 11.1118069 lse 11.9412671997 target_logit nan
[head_hidden] rank 1 step 243: 4282a8aa6c16d168 length 17
[prefill_tf] rank 1 step 244: target 8314 argmax 43894 lmax 14.78016 lse 15.6144145003 target_logit nan
[head_hidden] rank 1 step 244: c88bb0c2a153a3d2 length 64
[prefill_tf] rank 1 step 245: target 3624 argmax 50025 lmax 12.4289761 lse 14.3145942501 target_logit nan
[head_hidden] rank 1 step 245: bbc5a21814664761 length 129
[prefill_tf] rank 1 step 246: target 5098 argmax 52937 lmax 18.6835804 lse 19.4236631896 target_logit nan
[head_hidden] rank 1 step 246: 3649a8859690a964 length 257
[prefill_tf] rank 1 step 247: target 4588 argmax 67213 lmax 15.5975542 lse 16.466532708 target_logit nan
[head_hidden] rank 1 step 247: b6771a91df4dbbc3 length 1024
[prefill_tf] rank 1 step 248: target 21543 argmax 45100 lmax 3.40903902 lse 11.0263689802 target_logit nan
[head_hidden] rank 1 step 248: 2e2d6096ea3565ca length 1
[prefill_tf] rank 1 step 249: target 21871 argmax 45413 lmax 10.5960569 lse 12.8301465422 target_logit nan
[head_hidden] rank 1 step 249: c5476e7740984961 length 4
[prefill_tf] rank 1 step 250: target 18 argmax 48865 lmax 9.76458359 lse 12.480165462 target_logit nan
[head_hidden] rank 1 step 250: 665d670c8c0385ae length 8
[prefill_tf] rank 1 step 251: target 382 argmax 47814 lmax 15.2518673 lse 15.4046065359 target_logit nan
[head_hidden] rank 1 step 251: b0257d8909297d12 length 17
[prefill_tf] rank 1 step 252: target 438 argmax 38204 lmax 11.8276367 lse 13.3162761318 target_logit nan
[head_hidden] rank 1 step 252: c464edf24775492a length 64
[prefill_tf] rank 1 step 253: target 2073 argmax 68607 lmax 13.2767773 lse 14.3520277711 target_logit nan
[head_hidden] rank 1 step 253: 663b0f6756c81cad length 129
[prefill_tf] rank 1 step 254: target 3283 argmax 57019 lmax 19.5832138 lse 19.832769338 target_logit nan
[head_hidden] rank 1 step 254: 1e40e5471c628832 length 257
[prefill_tf] rank 1 step 255: target 17 argmax 48257 lmax 14.6328745 lse 15.1833533392 target_logit nan
[head_hidden] rank 1 step 255: 906147e730c5fd9b length 1024
[prefill_tf_end] rank 1 world 4 positions 256
[head_time] rank 1 seconds 401.368683 capacity 8
