calibration: 3.000 tokens per unit, 9.0 tokens of template and first words
=== thinking off
prompt  c   ttft_s  prefill_tok/s  decode_tok/s  aggregate_tok/s  out_tokens  reasoning_tokens  truncated
   256  1     0.42            712          65.8             62.5         516                 0          0   runs [65.0, 68.7, 65.8]
[2/12] 1/12 err=0 elapsed=24s
   256  2     0.65            463          46.8             87.8         515                 0          0   runs [46.6, 46.8, 47.2]
[3/12] 2/12 err=0 elapsed=59s
   256  4     1.15            261          28.0            104.4         513                 0          0   runs [28.0, 29.6, 27.7]
[4/12] 3/12 err=0 elapsed=117s
   256  6     1.61            187          18.5            103.3         516                 0          0   runs [18.4, 19.2, 18.5]
[5/12] 4/12 err=0 elapsed=206s
  2048  1     1.97           1059          66.7             53.1         514                 0          0   runs [65.0, 66.7, 67.5]
[6/12] 5/12 err=0 elapsed=235s
  2048  2     3.72            562          45.6             68.2         514                 0          0   runs [45.4, 46.0, 45.6]
[7/12] 6/12 err=0 elapsed=280s
  2048  4     7.21            290          27.2             78.4         514                 0          0   runs [28.0, 27.2, 26.9]
[8/12] 7/12 err=0 elapsed=358s
  2048  6    10.73            195          18.1             77.4         513                 0          0   runs [17.3, 18.1, 18.6]
[9/12] 8/12 err=0 elapsed=478s
  8192  1     7.52           1095          66.7             33.8         516                 0          0   runs [65.4, 66.7, 68.2]
[10/12] 9/12 err=0 elapsed=524s
  8192  2    14.88            553          45.8             39.1         513                 0          0   runs [45.8, 45.4, 46.2]
[11/12] 10/12 err=0 elapsed=603s
  8192  4    32.71            252          27.9             40.1         512                 0          0   runs [28.4, 27.9, 15.2]
[12/12] 11/12 err=0 elapsed=760s
  8192  6    30.65            277          10.5             35.7         513                 0          0   runs [10.5, 10.5, 10.5]
[12/12] 12/12 err=0 elapsed=1019s
DONE
